Component: Arm Compiler for Embedded 6.21 Tool: armlink [5ec1fa00]

==============================================================================

Section Cross References

    startup_stm32f103xb.o(RESET) refers to startup_stm32f103xb.o(STACK) for __initial_sp
    startup_stm32f103xb.o(RESET) refers to startup_stm32f103xb.o(.text) for Reset_Handler
    startup_stm32f103xb.o(RESET) refers to stm32f1xx_it.o(.text.NMI_Handler) for NMI_Handler
    startup_stm32f103xb.o(RESET) refers to stm32f1xx_it.o(.text.HardFault_Handler) for HardFault_Handler
    startup_stm32f103xb.o(RESET) refers to stm32f1xx_it.o(.text.MemManage_Handler) for MemManage_Handler
    startup_stm32f103xb.o(RESET) refers to stm32f1xx_it.o(.text.BusFault_Handler) for BusFault_Handler
    startup_stm32f103xb.o(RESET) refers to stm32f1xx_it.o(.text.UsageFault_Handler) for UsageFault_Handler
    startup_stm32f103xb.o(RESET) refers to stm32f1xx_it.o(.text.SVC_Handler) for SVC_Handler
    startup_stm32f103xb.o(RESET) refers to stm32f1xx_it.o(.text.DebugMon_Handler) for DebugMon_Handler
    startup_stm32f103xb.o(RESET) refers to stm32f1xx_it.o(.text.PendSV_Handler) for PendSV_Handler
    startup_stm32f103xb.o(RESET) refers to stm32f1xx_it.o(.text.SysTick_Handler) for SysTick_Handler
    startup_stm32f103xb.o(RESET) refers to stm32f1xx_it.o(.text.DMA1_Channel3_IRQHandler) for DMA1_Channel3_IRQHandler
    startup_stm32f103xb.o(RESET) refers to stm32f1xx_it.o(.text.DMA1_Channel4_IRQHandler) for DMA1_Channel4_IRQHandler
    startup_stm32f103xb.o(RESET) refers to stm32f1xx_it.o(.text.DMA1_Channel5_IRQHandler) for DMA1_Channel5_IRQHandler
    startup_stm32f103xb.o(RESET) refers to stm32f1xx_it.o(.text.USART1_IRQHandler) for USART1_IRQHandler
    startup_stm32f103xb.o(.text) refers to system_stm32f1xx.o(.text.SystemInit) for SystemInit
    startup_stm32f103xb.o(.text) refers to entry.o(.ARM.Collect$$$$00000000) for __main
    main.o(.text.main) refers to stm32f1xx_hal.o(.text.HAL_Init) for HAL_Init
    main.o(.text.main) refers to stm32f1xx_hal_rcc.o(.text.HAL_RCC_OscConfig) for HAL_RCC_OscConfig
    main.o(.text.main) refers to stm32f1xx_hal_rcc.o(.text.HAL_RCC_ClockConfig) for HAL_RCC_ClockConfig
    main.o(.text.main) refers to stm32f1xx_hal_rcc.o(.text.HAL_RCC_EnableCSS) for HAL_RCC_EnableCSS
    main.o(.text.main) refers to gpio.o(.text.MX_GPIO_Init) for MX_GPIO_Init
    main.o(.text.main) refers to dma.o(.text.MX_DMA_Init) for MX_DMA_Init
    main.o(.text.main) refers to usart.o(.text.MX_USART1_UART_Init) for MX_USART1_UART_Init
    main.o(.text.main) refers to i2c.o(.text.MX_I2C2_Init) for MX_I2C2_Init
    main.o(.text.main) refers to spi.o(.text.MX_SPI1_Init) for MX_SPI1_Init
    main.o(.text.main) refers to system.o(.text.System_Init) for System_Init
    main.o(.text.main) refers to system.o(.text.System_Loop) for System_Loop
    main.o(.ARM.exidx.text.main) refers to main.o(.text.main) for [Anonymous Symbol]
    main.o(.text.SystemClock_Config) refers to stm32f1xx_hal_rcc.o(.text.HAL_RCC_OscConfig) for HAL_RCC_OscConfig
    main.o(.text.SystemClock_Config) refers to stm32f1xx_hal_rcc.o(.text.HAL_RCC_ClockConfig) for HAL_RCC_ClockConfig
    main.o(.text.SystemClock_Config) refers to stm32f1xx_hal_rcc.o(.text.HAL_RCC_EnableCSS) for HAL_RCC_EnableCSS
    main.o(.ARM.exidx.text.SystemClock_Config) refers to main.o(.text.SystemClock_Config) for [Anonymous Symbol]
    main.o(.ARM.exidx.text.Error_Handler) refers to main.o(.text.Error_Handler) for [Anonymous Symbol]
    gpio.o(.text.MX_GPIO_Init) refers to stm32f1xx_hal_gpio.o(.text.HAL_GPIO_WritePin) for HAL_GPIO_WritePin
    gpio.o(.text.MX_GPIO_Init) refers to stm32f1xx_hal_gpio.o(.text.HAL_GPIO_Init) for HAL_GPIO_Init
    gpio.o(.ARM.exidx.text.MX_GPIO_Init) refers to gpio.o(.text.MX_GPIO_Init) for [Anonymous Symbol]
    dma.o(.text.MX_DMA_Init) refers to stm32f1xx_hal_cortex.o(.text.HAL_NVIC_SetPriority) for HAL_NVIC_SetPriority
    dma.o(.text.MX_DMA_Init) refers to stm32f1xx_hal_cortex.o(.text.HAL_NVIC_EnableIRQ) for HAL_NVIC_EnableIRQ
    dma.o(.ARM.exidx.text.MX_DMA_Init) refers to dma.o(.text.MX_DMA_Init) for [Anonymous Symbol]
    i2c.o(.text.MX_I2C2_Init) refers to i2c.o(.bss.hi2c2) for hi2c2
    i2c.o(.text.MX_I2C2_Init) refers to stm32f1xx_hal_i2c.o(.text.HAL_I2C_Init) for HAL_I2C_Init
    i2c.o(.text.MX_I2C2_Init) refers to main.o(.text.Error_Handler) for Error_Handler
    i2c.o(.ARM.exidx.text.MX_I2C2_Init) refers to i2c.o(.text.MX_I2C2_Init) for [Anonymous Symbol]
    i2c.o(.text.HAL_I2C_MspInit) refers to stm32f1xx_hal_gpio.o(.text.HAL_GPIO_Init) for HAL_GPIO_Init
    i2c.o(.ARM.exidx.text.HAL_I2C_MspInit) refers to i2c.o(.text.HAL_I2C_MspInit) for [Anonymous Symbol]
    i2c.o(.text.HAL_I2C_MspDeInit) refers to stm32f1xx_hal_gpio.o(.text.HAL_GPIO_DeInit) for HAL_GPIO_DeInit
    i2c.o(.ARM.exidx.text.HAL_I2C_MspDeInit) refers to i2c.o(.text.HAL_I2C_MspDeInit) for [Anonymous Symbol]
    spi.o(.text.MX_SPI1_Init) refers to spi.o(.bss.hspi1) for hspi1
[...]
    [Anonymous Symbol]                       0x080004f4   Section        0  main.o(.text.Error_Handler)
    [Anonymous Symbol]                       0x08000500   Section        0  stm32f1xx_hal_dma.o(.text.HAL_DMA_Abort)
    [Anonymous Symbol]                       0x08000548   Section        0  stm32f1xx_hal_dma.o(.text.HAL_DMA_Abort_IT)
    [Anonymous Symbol]                       0x080005fc   Section        0  stm32f1xx_hal_dma.o(.text.HAL_DMA_IRQHandler)
    [Anonymous Symbol]                       0x0800079c   Section        0  stm32f1xx_hal_dma.o(.text.HAL_DMA_Init)
    [Anonymous Symbol]                       0x08000824   Section        0  stm32f1xx_hal_dma.o(.text.HAL_DMA_Start_IT)
    [Anonymous Symbol]                       0x080008c4   Section        0  stm32f1xx_hal.o(.text.HAL_Delay)
    [Anonymous Symbol]                       0x080008ec   Section        0  stm32f1xx_hal_gpio.o(.text.HAL_GPIO_Init)
    [Anonymous Symbol]                       0x08000afc   Section        0  stm32f1xx_hal_gpio.o(.text.HAL_GPIO_ReadPin)
    [Anonymous Symbol]                       0x08000b08   Section        0  stm32f1xx_hal_gpio.o(.text.HAL_GPIO_WritePin)
    [Anonymous Symbol]                       0x08000b14   Section        0  stm32f1xx_hal.o(.text.HAL_GetTick)
    [Anonymous Symbol]                       0x08000b20   Section        0  stm32f1xx_hal_i2c.o(.text.HAL_I2C_ErrorCallback)
    [Anonymous Symbol]                       0x08000b24   Section        0  stm32f1xx_hal_i2c.o(.text.HAL_I2C_Init)
    [Anonymous Symbol]                       0x08000c88   Section        0  stm32f1xx_hal_i2c.o(.text.HAL_I2C_MasterRxCpltCallback)
    [Anonymous Symbol]                       0x08000c8c   Section        0  stm32f1xx_hal_i2c.o(.text.HAL_I2C_Master_Receive)
    [Anonymous Symbol]                       0x08001090   Section        0  stm32f1xx_hal_i2c.o(.text.HAL_I2C_Master_Transmit)
    [Anonymous Symbol]                       0x0800126c   Section        0  stm32f1xx_hal_i2c.o(.text.HAL_I2C_Master_Transmit_DMA)
    [Anonymous Symbol]                       0x08001414   Section        0  stm32f1xx_hal_i2c.o(.text.HAL_I2C_MemRxCpltCallback)
    [Anonymous Symbol]                       0x08001418   Section        0  i2c.o(.text.HAL_I2C_MspInit)
    [Anonymous Symbol]                       0x0800147c   Section        0  stm32f1xx_hal_i2c.o(.text.HAL_I2C_SlaveRxCpltCallback)
    [Anonymous Symbol]                       0x08001480   Section        0  stm32f1xx_hal_i2c.o(.text.HAL_I2C_SlaveTxCpltCallback)
    [Anonymous Symbol]                       0x08001484   Section        0  stm32f1xx_hal.o(.text.HAL_IncTick)
    [Anonymous Symbol]                       0x080014a0   Section        0  stm32f1xx_hal.o(.text.HAL_Init)
    [Anonymous Symbol]                       0x080014c8   Section        0  stm32f1xx_hal.o(.text.HAL_InitTick)
    [Anonymous Symbol]                       0x08001510   Section        0  stm32f1xx_hal_msp.o(.text.HAL_MspInit)
    [Anonymous Symbol]                       0x08001554   Section        0  stm32f1xx_hal_cortex.o(.text.HAL_NVIC_EnableIRQ)
    [Anonymous Symbol]                       0x08001578   Section        0  stm32f1xx_hal_cortex.o(.text.HAL_NVIC_SetPriority)
    [Anonymous Symbol]                       0x080015d0   Section        0  stm32f1xx_hal_cortex.o(.text.HAL_NVIC_SetPriorityGrouping)
    [Anonymous Symbol]                       0x080015f0   Section        0  stm32f1xx_hal_rcc.o(.text.HAL_RCC_CSSCallback)
    [Anonymous Symbol]                       0x080015f4   Section        0  stm32f1xx_hal_rcc.o(.text.HAL_RCC_ClockConfig)
    [Anonymous Symbol]                       0x080017c8   Section        0  stm32f1xx_hal_rcc.o(.text.HAL_RCC_EnableCSS)
    [Anonymous Symbol]                       0x080017d4   Section        0  stm32f1xx_hal_rcc.o(.text.HAL_RCC_GetPCLK1Freq)
    [Anonymous Symbol]                       0x080017fc   Section        0  stm32f1xx_hal_rcc.o(.text.HAL_RCC_GetPCLK2Freq)
    [Anonymous Symbol]                       0x08001824   Section        0  stm32f1xx_hal_rcc.o(.text.HAL_RCC_NMI_IRQHandler)
    [Anonymous Symbol]                       0x08001840   Section        0  stm32f1xx_hal_rcc.o(.text.HAL_RCC_OscConfig)
    [Anonymous Symbol]                       0x08001c40   Section        0  stm32f1xx_hal_spi.o(.text.HAL_SPI_ErrorCallback)
    [Anonymous Symbol]                       0x08001c44   Section        0  stm32f1xx_hal_spi.o(.text.HAL_SPI_Init)
    [Anonymous Symbol]                       0x08001cf0   Section        0  spi.o(.text.HAL_SPI_MspInit)
    [Anonymous Symbol]                       0x08001db4   Section        0  stm32f1xx_hal_spi.o(.text.HAL_SPI_Receive)
    [Anonymous Symbol]                       0x08001fb4   Section        0  stm32f1xx_hal_spi.o(.text.HAL_SPI_Transmit)
    [Anonymous Symbol]                       0x080021b0   Section        0  stm32f1xx_hal_spi.o(.text.HAL_SPI_TransmitReceive)
    [Anonymous Symbol]                       0x08002484   Section        0  stm32f1xx_hal_spi.o(.text.HAL_SPI_Transmit_DMA)
    [Anonymous Symbol]                       0x0800254c   Section        0  stm32f1xx_hal_spi.o(.text.HAL_SPI_TxCpltCallback)
    [Anonymous Symbol]                       0x08002550   Section        0  stm32f1xx_hal_spi.o(.text.HAL_SPI_TxHalfCpltCallback)
    [Anonymous Symbol]                       0x08002554   Section        0  stm32f1xx_hal_cortex.o(.text.HAL_SYSTICK_Config)
    [Anonymous Symbol]                       0x08002580   Section        0  stm32f1xx_hal_uart.o(.text.HAL_UARTEx_RxEventCallback)
    [Anonymous Symbol]                       0x08002584   Section        0  stm32f1xx_hal_uart.o(.text.HAL_UART_DMAStop)
    [Anonymous Symbol]                       0x080027a0   Section        0  stm32f1xx_hal_uart.o(.text.HAL_UART_ErrorCallback)
    [Anonymous Symbol]                       0x080027a4   Section        0  stm32f1xx_hal_uart.o(.text.HAL_UART_IRQHandler)
    [Anonymous Symbol]                       0x08002d14   Section        0  system.o(.text.HAL_UART_IdleCallback)
    [Anonymous Symbol]                       0x08002dc8   Section        0  stm32f1xx_hal_uart.o(.text.HAL_UART_Init)
    [Anonymous Symbol]                       0x08002eac   Section        0  usart.o(.text.HAL_UART_MspInit)
    [Anonymous Symbol]                       0x08002fa8   Section        0  stm32f1xx_hal_uart.o(.text.HAL_UART_Receive_DMA)
    [Anonymous Symbol]                       0x08003108   Section        0  stm32f1xx_hal_uart.o(.text.HAL_UART_RxCpltCallback)
    [Anonymous Symbol]                       0x0800310c   Section        0  stm32f1xx_hal_uart.o(.text.HAL_UART_RxHalfCpltCallback)
    [Anonymous Symbol]                       0x08003110   Section        0  stm32f1xx_hal_uart.o(.text.HAL_UART_Transmit)
    [Anonymous Symbol]                       0x08003288   Section        0  stm32f1xx_hal_uart.o(.text.HAL_UART_TxCpltCallback)
    HW_GPIOA_ReadPin                         0x0800328d   Thumb Code    18  hal_gpio.o(.text.HW_GPIOA_ReadPin)
    [Anonymous Symbol]                       0x0800328c   Section        0  hal_gpio.o(.text.HW_GPIOA_ReadPin)
    HW_GPIOA_WritePin                        0x080032a1   Thumb Code    20  hal_gpio.o(.text.HW_GPIOA_WritePin)
    [Anonymous Symbol]                       0x080032a0   Section        0  hal_gpio.o(.text.HW_GPIOA_WritePin)
    HW_I2C2_Ctrl                             0x080032b5   Thumb Code     4  hal_i2c2.o(.text.HW_I2C2_Ctrl)
    [Anonymous Symbol]                       0x080032b4   Section        0  hal_i2c2.o(.text.HW_I2C2_Ctrl)
    HW_I2C2_DMAWrite                         0x080032b9   Thumb Code    28  hal_i2c2.o(.text.HW_I2C2_DMAWrite)
    [Anonymous Symbol]                       0x080032b8   Section        0  hal_i2c2.o(.text.HW_I2C2_DMAWrite)
    HW_I2C2_Read                             0x080032d5   Thumb Code    40  hal_i2c2.o(.text.HW_I2C2_Read)
    [Anonymous Symbol]                       0x080032d4   Section        0  hal_i2c2.o(.text.HW_I2C2_Read)
    HW_I2C2_Write                            0x080032fd   Thumb Code    40  hal_i2c2.o(.text.HW_I2C2_Write)
    [Anonymous Symbol]                       0x080032fc   Section        0  hal_i2c2.o(.text.HW_I2C2_Write)
    HW_SPI1_Ctrl                             0x08003325   Thumb Code    38  hal_spi1.o(.text.HW_SPI1_Ctrl)
    [Anonymous Symbol]                       0x08003324   Section        0  hal_spi1.o(.text.HW_SPI1_Ctrl)
    HW_SPI1_DMAWrite                         0x0800334d   Thumb Code    56  hal_spi1.o(.text.HW_SPI1_DMAWrite)
    [Anonymous Symbol]                       0x0800334c   Section        0  hal_spi1.o(.text.HW_SPI1_DMAWrite)
    HW_SPI1_Read                             0x08003385   Thumb Code    30  hal_spi1.o(.text.HW_SPI1_Read)
    [Anonymous Symbol]                       0x08003384   Section        0  hal_spi1.o(.text.HW_SPI1_Read)
    HW_SPI1_Write                            0x080033a5   Thumb Code    30  hal_spi1.o(.text.HW_SPI1_Write)
    [Anonymous Symbol]                       0x080033a4   Section        0  hal_spi1.o(.text.HW_SPI1_Write)
    HW_SPI1_WriteRead                        0x080033c5   Thumb Code    42  hal_spi1.o(.text.HW_SPI1_WriteRead)
    [Anonymous Symbol]                       0x080033c4   Section        0  hal_spi1.o(.text.HW_SPI1_WriteRead)
    [Anonymous Symbol]                       0x080033f0   Section        0  stm32f1xx_it.o(.text.HardFault_Handler)
    I2C_DMAError                             0x080033f5   Thumb Code    58  stm32f1xx_hal_i2c.o(.text.I2C_DMAError)
    [Anonymous Symbol]                       0x080033f4   Section        0  stm32f1xx_hal_i2c.o(.text.I2C_DMAError)
    I2C_DMAXferCplt                          0x08003431   Thumb Code   304  stm32f1xx_hal_i2c.o(.text.I2C_DMAXferCplt)
    [Anonymous Symbol]                       0x08003430   Section        0  stm32f1xx_hal_i2c.o(.text.I2C_DMAXferCplt)
    I2C_WaitOnBTFFlagUntilTimeout            0x08003561   Thumb Code   186  stm32f1xx_hal_i2c.o(.text.I2C_WaitOnBTFFlagUntilTimeout)
    [Anonymous Symbol]                       0x08003560   Section        0  stm32f1xx_hal_i2c.o(.text.I2C_WaitOnBTFFlagUntilTimeout)
    I2C_WaitOnFlagUntilTimeout               0x0800361d   Thumb Code   458  stm32f1xx_hal_i2c.o(.text.I2C_WaitOnFlagUntilTimeout)
    [Anonymous Symbol]                       0x0800361c   Section        0  stm32f1xx_hal_i2c.o(.text.I2C_WaitOnFlagUntilTimeout)
    I2C_WaitOnMasterAddressFlagUntilTimeout  0x080037e9   Thumb Code   214  stm32f1xx_hal_i2c.o(.text.I2C_WaitOnMasterAddressFlagUntilTimeout)
    [Anonymous Symbol]                       0x080037e8   Section        0  stm32f1xx_hal_i2c.o(.text.I2C_WaitOnMasterAddressFlagUntilTimeout)
    I2C_WaitOnRXNEFlagUntilTimeout           0x080038c1   Thumb Code   144  stm32f1xx_hal_i2c.o(.text.I2C_WaitOnRXNEFlagUntilTimeout)
    [Anonymous Symbol]                       0x080038c0   Section        0  stm32f1xx_hal_i2c.o(.text.I2C_WaitOnRXNEFlagUntilTimeout)
    I2C_WaitOnTXEFlagUntilTimeout            0x08003951   Thumb Code   186  stm32f1xx_hal_i2c.o(.text.I2C_WaitOnTXEFlagUntilTimeout)
    [Anonymous Symbol]                       0x08003950   Section        0  stm32f1xx_hal_i2c.o(.text.I2C_WaitOnTXEFlagUntilTimeout)
    I8080_WriteByteCB                        0x08003a0d   Thumb Code    76  llos_ssd1306_conf.o(.text.I8080_WriteByteCB)
    [Anonymous Symbol]                       0x08003a0c   Section        0  llos_ssd1306_conf.o(.text.I8080_WriteByteCB)
    [Anonymous Symbol]                       0x08003a58   Section        0  llos.o(.text.LLOS_DelayMs)
    [Anonymous Symbol]                       0x08003a6c   Section        0  llos.o(.text.LLOS_Device_Ctrl)
    [Anonymous Symbol]                       0x08003a78   Section        0  llos.o(.text.LLOS_Device_Find)
    [Anonymous Symbol]                       0x08003acc   Section        0  hal_gpio.o(.text.LLOS_Device_Register_GPIO)
    [Anonymous Symbol]                       0x08003b38   Section        0  hal_i2c2.o(.text.LLOS_Device_Register_I2C2)
    [Anonymous Symbol]                       0x08003bb8   Section        0  hal_spi1.o(.text.LLOS_Device_Register_SPI1)
    [Anonymous Symbol]                       0x08003c44   Section        0  llos.o(.text.LLOS_Device_Write)
    [Anonymous Symbol]                       0x08003c64   Section        0  llos.o(.text.LLOS_Device_WritePin)
    [Anonymous Symbol]                       0x08003c70   Section        0  llos.o(.text.LLOS_Init)
    [Anonymous Symbol]                       0x08003d34   Section        0  llos_led.o(.text.LLOS_LED_Blink)
    [Anonymous Symbol]                       0x08003e1c   Section        0  llos_led.o(.text.LLOS_LED_Init)
    LLOS_LED_Tick                            0x08003e7d   Thumb Code   362  llos_led.o(.text.LLOS_LED_Tick)
    [Anonymous Symbol]                       0x08003e7c   Section        0  llos_led.o(.text.LLOS_LED_Tick)
    [Anonymous Symbol]                       0x08003fe8   Section        0  llos.o(.text.LLOS_Loop)
    [Anonymous Symbol]                       0x080040f4   Section        0  llos.o(.text.LLOS_Ms_To_Tick)
    [Anonymous Symbol]                       0x08004108   Section        0  llos.o(.text.LLOS_Msg_Clear)
    [Anonymous Symbol]                       0x08004118   Section        0  llos.o(.text.LLOS_Msg_Receive)
    [Anonymous Symbol]                       0x08004124   Section        0  llos.o(.text.LLOS_Register_Device)
    [Anonymous Symbol]                       0x0800418c   Section        0  llos.o(.text.LLOS_Register_Events)
    [Anonymous Symbol]                       0x080041b8   Section        0  llos.o(.text.LLOS_Register_System_Reset)
    [Anonymous Symbol]                       0x080041c4   Section        0  llos_ssd1306.o(.text.LLOS_SSD1306_DrawCircle)
    [Anonymous Symbol]                       0x0800484c   Section        0  llos_ssd1306.o(.text.LLOS_SSD1306_DrawLine)
    [Anonymous Symbol]                       0x0800494c   Section        0  llos_ssd1306.o(.text.LLOS_SSD1306_DrawPic)
    [Anonymous Symbol]                       0x08004c10   Section        0  llos_ssd1306.o(.text.LLOS_SSD1306_DrawRectangle)
    [Anonymous Symbol]                       0x08004c80   Section        0  llos_ssd1306.o(.text.LLOS_SSD1306_DrawRoundedRectangle)
    [Anonymous Symbol]                       0x08004dd8   Section        0  llos_ssd1306.o(.text.LLOS_SSD1306_DrawTriangle)
    [Anonymous Symbol]                       0x08004fe4   Section        0  llos_ssd1306.o(.text.LLOS_SSD1306_Fill)
    [Anonymous Symbol]                       0x0800504c   Section        0  llos_ssd1306_conf.o(.text.LLOS_SSD1306_HAL_Init)
    [Anonymous Symbol]                       0x08005134   Section        0  llos_ssd1306.o(.text.LLOS_SSD1306_Init)
    LLOS_SSD1306_ShowChar                    0x080052a1   Thumb Code   340  llos_ssd1306.o(.text.LLOS_SSD1306_ShowChar)
    [Anonymous Symbol]                       0x080052a0   Section        0  llos_ssd1306.o(.text.LLOS_SSD1306_ShowChar)
    [Anonymous Symbol]                       0x080053f4   Section        0  llos_ssd1306.o(.text.LLOS_SSD1306_ShowNumFormat)
    [Anonymous Symbol]                       0x080055a0   Section        0  llos_ssd1306.o(.text.LLOS_SSD1306_ShowString)
    [Anonymous Symbol]                       0x08005848   Section        0  llos.o(.text.LLOS_Start_Event)
    [Anonymous Symbol]                       0x08005b24   Section        0  llos.o(.text.LLOS_Tick_Increase)
    [Anonymous Symbol]                       0x08005c34   Section        0  llos.o(.text.LLOS_Timer_Set)
    [Anonymous Symbol]                       0x08005ca8   Section        0  dma.o(.text.MX_DMA_Init)
    [Anonymous Symbol]                       0x08005cfc   Section        0  gpio.o(.text.MX_GPIO_Init)
    [Anonymous Symbol]                       0x08005dc0   Section        0  i2c.o(.text.MX_I2C2_Init)
    [Anonymous Symbol]                       0x08005e04   Section        0  spi.o(.text.MX_SPI1_Init)
    [Anonymous Symbol]                       0x08005e50   Section        0  usart.o(.text.MX_USART1_UART_Init)
    [Anonymous Symbol]                       0x08005e8c   Section        0  stm32f1xx_it.o(.text.MemManage_Handler)
    [Anonymous Symbol]                       0x08005e90   Section        0  stm32f1xx_it.o(.text.NMI_Handler)
    [Anonymous Symbol]                       0x08005e98   Section        0  stm32f1xx_it.o(.text.PendSV_Handler)
    SPI_DMAError                             0x08005e9d   Thumb Code    30  stm32f1xx_hal_spi.o(.text.SPI_DMAError)
    [Anonymous Symbol]                       0x08005e9c   Section        0  stm32f1xx_hal_spi.o(.text.SPI_DMAError)
    SPI_DMAHalfTransmitCplt                  0x08005ebd   Thumb Code     6  stm32f1xx_hal_spi.o(.text.SPI_DMAHalfTransmitCplt)
    [Anonymous Symbol]                       0x08005ebc   Section        0  stm32f1xx_hal_spi.o(.text.SPI_DMAHalfTransmitCplt)
    SPI_DMATransmitCplt                      0x08005ec5   Thumb Code   148  stm32f1xx_hal_spi.o(.text.SPI_DMATransmitCplt)
    [Anonymous Symbol]                       0x08005ec4   Section        0  stm32f1xx_hal_spi.o(.text.SPI_DMATransmitCplt)
    SPI_WaitFlagStateUntilTimeout            0x08005f59   Thumb Code   288  stm32f1xx_hal_spi.o(.text.SPI_WaitFlagStateUntilTimeout)
    [Anonymous Symbol]                       0x08005f58   Section        0  stm32f1xx_hal_spi.o(.text.SPI_WaitFlagStateUntilTimeout)
    [Anonymous Symbol]                       0x08006078   Section        0  stm32f1xx_it.o(.text.SVC_Handler)
    [Anonymous Symbol]                       0x0800607c   Section        0  stm32f1xx_it.o(.text.SysTick_Handler)
    [Anonymous Symbol]                       0x0800608c   Section        0  system_stm32f1xx.o(.text.SystemInit)
    [Anonymous Symbol]                       0x08006090   Section        0  system.o(.text.System_Init)
    [Anonymous Symbol]                       0x08006110   Section        0  system.o(.text.System_Loop)
    [Anonymous Symbol]                       0x08006144   Section        0  task_display.o(.text.Task0_Events)
    [Anonymous Symbol]                       0x0800628c   Section        0  task_display.o(.text.TaskDisplay_Init)
    UART_DMAAbortOnError                     0x08006435   Thumb Code    12  stm32f1xx_hal_uart.o(.text.UART_DMAAbortOnError)
    [Anonymous Symbol]                       0x08006434   Section        0  stm32f1xx_hal_uart.o(.text.UART_DMAAbortOnError)
    UART_DMAError                            0x08006441   Thumb Code   380  stm32f1xx_hal_uart.o(.text.UART_DMAError)
    [Anonymous Symbol]                       0x08006440   Section        0  stm32f1xx_hal_uart.o(.text.UART_DMAError)
    UART_DMAReceiveCplt                      0x080065bd   Thumb Code   350  stm32f1xx_hal_uart.o(.text.UART_DMAReceiveCplt)
    [Anonymous Symbol]                       0x080065bc   Section        0  stm32f1xx_hal_uart.o(.text.UART_DMAReceiveCplt)
    UART_DMARxHalfCplt                       0x0800671d   Thumb Code    24  stm32f1xx_hal_uart.o(.text.UART_DMARxHalfCplt)
    [Anonymous Symbol]                       0x0800671c   Section        0  stm32f1xx_hal_uart.o(.text.UART_DMARxHalfCplt)
    UART_Receive_IT                          0x08006735   Thumb Code   254  stm32f1xx_hal_uart.o(.text.UART_Receive_IT)
    [Anonymous Symbol]                       0x08006734   Section        0  stm32f1xx_hal_uart.o(.text.UART_Receive_IT)
    [Anonymous Symbol]                       0x08006834   Section        0  stm32f1xx_it.o(.text.USART1_IRQHandler)
    [Anonymous Symbol]                       0x08006850   Section        0  stm32f1xx_it.o(.text.UsageFault_Handler)
    __NVIC_SystemReset                       0x08006855   Thumb Code    42  system.o(.text.__NVIC_SystemReset)
    [Anonymous Symbol]                       0x08006854   Section        0  system.o(.text.__NVIC_SystemReset)
    [Anonymous Symbol]                       0x08006880   Section        0  system.o(.text.fputc)
    [Anonymous Symbol]                       0x080068a0   Section        0  main.o(.text.main)
    i.__0printf$8                            0x08006924   Section        0  printf8.o(i.__0printf$8)
    i.__0sprintf$8                           0x08006944   Section        0  printf8.o(i.__0sprintf$8)
    i.__scatterload_copy                     0x0800696c   Section       14  handlers.o(i.__scatterload_copy)
    i.__scatterload_null                     0x0800697a   Section        2  handlers.o(i.__scatterload_null)
    i.__scatterload_zeroinit                 0x0800697c   Section       14  handlers.o(i.__scatterload_zeroinit)
    _printf_core                             0x0800698d   Thumb Code   996  printf8.o(i._printf_core)
    i._printf_core                           0x0800698c   Section        0  printf8.o(i._printf_core)
    _printf_post_padding                     0x08006d9d   Thumb Code    36  printf8.o(i._printf_post_padding)
    i._printf_post_padding                   0x08006d9c   Section        0  printf8.o(i._printf_post_padding)
    _printf_pre_padding                      0x08006dc1   Thumb Code    46  printf8.o(i._printf_pre_padding)
    i._printf_pre_padding                    0x08006dc0   Section        0  printf8.o(i._printf_pre_padding)
    _sputc                                   0x08006def   Thumb Code    10  printf8.o(i._sputc)
    i._sputc                                 0x08006dee   Section        0  printf8.o(i._sputc)
    i.puts                                   0x08006df8   Section        0  puts.o(i.puts)
    HAL_RCC_GetSysClockFreq.aPredivFactorTable 0x08006e34   Data           2  stm32f1xx_hal_rcc.o(.rodata.HAL_RCC_GetSysClockFreq.aPredivFactorTable)
    [Anonymous Symbol]                       0x08006e34   Section        0  stm32f1xx_hal_rcc.o(.rodata.HAL_RCC_GetSysClockFreq.aPredivFactorTable)
    HAL_RCC_GetSysClockFreq.aPLLMULFactorTable 0x08006e36   Data          16  stm32f1xx_hal_rcc.o(.rodata.cst16)
    [Anonymous Symbol]                       0x08006e36   Section        0  stm32f1xx_hal_rcc.o(.rodata.cst16)
    .Lstr.9                                  0x080077bc   Data          29  llos.o(.rodata.str1.1)
    [Anonymous Symbol]                       0x080077bc   Section        0  llos.o(.rodata.str1.1)
    .Lstr                                    0x080077d9   Data          29  llos.o(.rodata.str1.1)
    .L.str.6                                 0x080077f6   Data           7  llos.o(.rodata.str1.1)
    .L.str.3                                 0x080077fd   Data           5  task_display.o(.rodata.str1.1)
    [Anonymous Symbol]                       0x080077fd   Section        0  task_display.o(.rodata.str1.1)
    .data                                    0x20000000   Section        4  stdout.o(.data)
    .L_MergedGlobals                         0x20000004   Data           8  stm32f1xx_hal.o(.data..L_MergedGlobals)
    [Anonymous Symbol]                       0x20000004   Section        0  stm32f1xx_hal.o(.data..L_MergedGlobals)
    pic0                                     0x20000010   Data        1024  task_display.o(.data.pic0)
    [Anonymous Symbol]                       0x20000010   Section        0  task_display.o(.data.pic0)
    pic1                                     0x20000410   Data        1024  task_display.o(.data.pic1)
    [Anonymous Symbol]                       0x20000410   Section        0  task_display.o(.data.pic1)
    pic2                                     0x20000810   Data        1024  task_display.o(.data.pic2)
    [Anonymous Symbol]                       0x20000810   Section        0  task_display.o(.data.pic2)
    pic3                                     0x20000c10   Data        1024  task_display.o(.data.pic3)
    [Anonymous Symbol]                       0x20000c10   Section        0  task_display.o(.data.pic3)
    pic4                                     0x20001010   Data        1024  task_display.o(.data.pic4)
    [Anonymous Symbol]                       0x20001010   Section        0  task_display.o(.data.pic4)
    pic5                                     0x20001410   Data        1024  task_display.o(.data.pic5)
    [Anonymous Symbol]                       0x20001410   Section        0  task_display.o(.data.pic5)
    pic6                                     0x20001810   Data        1024  task_display.o(.data.pic6)
    [Anonymous Symbol]                       0x20001810   Section        0  task_display.o(.data.pic6)
    pic7                                     0x20001c10   Data        1024  task_display.o(.data.pic7)
    [Anonymous Symbol]                       0x20001c10   Section        0  task_display.o(.data.pic7)
    pic8                                     0x20002010   Data        1024  task_display.o(.data.pic8)
    [Anonymous Symbol]                       0x20002010   Section        0  task_display.o(.data.pic8)
    tickMultiple                             0x20002411   Data           1  llos.o(.data.tickMultiple)
    [Anonymous Symbol]                       0x20002411   Section        0  llos.o(.data.tickMultiple)
    .L_MergedGlobals                         0x20002418   Data          56  llos.o(.bss..L_MergedGlobals)
    taskIndex                                0x20002418   Data           1  llos.o(.bss..L_MergedGlobals)
    [Anonymous Symbol]                       0x20002418   Section        0  llos.o(.bss..L_MergedGlobals)
    LLOS_RTC_GetDate.daycnt                  0x2000241a   Data           2  llos.o(.bss..L_MergedGlobals)
    ll_userDelayMs                           0x2000241c   Data           4  llos.o(.bss..L_MergedGlobals)
    ll_userDelayUs                           0x20002420   Data           4  llos.o(.bss..L_MergedGlobals)
    alarm.0                                  0x20002424   Data           4  llos.o(.bss..L_MergedGlobals)
    alarm.1                                  0x20002428   Data           4  llos.o(.bss..L_MergedGlobals)
    msg                                      0x2000242c   Data           4  llos.o(.bss..L_MergedGlobals)
    sysTick                                  0x20002430   Data           8  llos.o(.bss..L_MergedGlobals)
    rtc                                      0x20002440   Data          16  llos.o(.bss..L_MergedGlobals)
    .L_MergedGlobals                         0x20002450   Data          68  llos_led.o(.bss..L_MergedGlobals)
    ledIndex                                 0x20002450   Data           1  llos_led.o(.bss..L_MergedGlobals)
    [Anonymous Symbol]                       0x20002450   Section        0  llos_led.o(.bss..L_MergedGlobals)
    ledTaskPeriod                            0x20002452   Data           2  llos_led.o(.bss..L_MergedGlobals)
    ledList                                  0x20002454   Data          64  llos_led.o(.bss..L_MergedGlobals)
    .L_MergedGlobals                         0x20002494   Data          16  llos_ssd1306.o(.bss..L_MergedGlobals)
    ll_xOffset                               0x20002494   Data           1  llos_ssd1306.o(.bss..L_MergedGlobals)
    [Anonymous Symbol]                       0x20002494   Section        0  llos_ssd1306.o(.bss..L_MergedGlobals)
    width                                    0x20002496   Data           1  llos_ssd1306.o(.bss..L_MergedGlobals)
    height                                   0x20002498   Data           2  llos_ssd1306.o(.bss..L_MergedGlobals)
    ll_I8080_WriteByteCB                     0x2000249c   Data           4  llos_ssd1306.o(.bss..L_MergedGlobals)
    ll_I8080_DMACB                           0x200024a0   Data           4  llos_ssd1306.o(.bss..L_MergedGlobals)
    .L_MergedGlobals                         0x200024a4   Data          16  llos_ssd1306_conf.o(.bss..L_MergedGlobals)
    arg                                      0x200024a4   Data           1  llos_ssd1306_conf.o(.bss..L_MergedGlobals)
    [Anonymous Symbol]                       0x200024a4   Section        0  llos_ssd1306_conf.o(.bss..L_MergedGlobals)
    devGPIOA                                 0x200024a8   Data           4  llos_ssd1306_conf.o(.bss..L_MergedGlobals)
    devSPI1                                  0x200024ac   Data           4  llos_ssd1306_conf.o(.bss..L_MergedGlobals)
    devI2C2                                  0x200024b0   Data           4  llos_ssd1306_conf.o(.bss..L_MergedGlobals)
    deviceIndex                              0x200024b4   Data           1  llos.o(.bss.deviceIndex)
    [Anonymous Symbol]                       0x200024b4   Section        0  llos.o(.bss.deviceIndex)
    eventCB_list                             0x200024b8   Data         840  llos.o(.bss.eventCB_list)
    [Anonymous Symbol]                       0x200024b8   Section        0  llos.o(.bss.eventCB_list)
    ll_deviceList                            0x20002dc0   Data         260  llos.o(.bss.ll_deviceList)
    [Anonymous Symbol]                       0x20002dc0   Section        0  llos.o(.bss.ll_deviceList)
    system_reset_hook                        0x20002ec4   Data           4  llos.o(.bss.system_reset_hook)
    [Anonymous Symbol]                       0x20002ec4   Section        0  llos.o(.bss.system_reset_hook)
    timerCB_list                             0x20002ec8   Data          72  llos.o(.bss.timerCB_list)
    [Anonymous Symbol]                       0x20002ec8   Section        0  llos.o(.bss.timerCB_list)
    STACK                                    0x20003018   Section     1024  startup_stm32f103xb.o(STACK)

    Global Symbols

    Symbol Name                              Value     Ov Type        Size  Object(Section)

    BuildAttributes$$THM_ISAv4$P$D$K$B$S$PE$A:L22UL41UL21$X:L11$S22US41US21$IEEE1$IW$~IW$USESV6$~STKCKD$USESV7$~SHL$OTIME$ROPI$EBA8$MICROLIB$REQ8$PRES8$EABIv2 0x00000000   Number         0  anon$$obj.o ABSOLUTE
    _printf_a                                0x00000000   Number         0  printfstubs.o ABSOLUTE
    _printf_c                                0x00000000   Number         0  printfstubs.o ABSOLUTE
    _printf_charcount                        0x00000000   Number         0  printfstubs.o ABSOLUTE
    _printf_d                                0x00000000   Number         0  printfstubs.o ABSOLUTE
    _printf_e                                0x00000000   Number         0  printfstubs.o ABSOLUTE
    _printf_f                                0x00000000   Number         0  printfstubs.o ABSOLUTE
    _printf_flags                            0x00000000   Number         0  printfstubs.o ABSOLUTE
    _printf_fp_dec                           0x00000000   Number         0  printfstubs.o ABSOLUTE
    _printf_fp_hex                           0x00000000   Number         0  printfstubs.o ABSOLUTE
    _printf_g                                0x00000000   Number         0  printfstubs.o ABSOLUTE
    _printf_i                                0x00000000   Number         0  printfstubs.o ABSOLUTE
    _printf_int_dec                          0x00000000   Number         0  printfstubs.o ABSOLUTE
    _printf_l                                0x00000000   Number         0  printfstubs.o ABSOLUTE
    _printf_lc                               0x00000000   Number         0  printfstubs.o ABSOLUTE
    _printf_ll                               0x00000000   Number         0  printfstubs.o ABSOLUTE
    _printf_lld                              0x00000000   Number         0  printfstubs.o ABSOLUTE
    _printf_lli                              0x00000000   Number         0  printfstubs.o ABSOLUTE
    _printf_llo                              0x00000000   Number         0  printfstubs.o ABSOLUTE
    _printf_llu                              0x00000000   Number         0  printfstubs.o ABSOLUTE
    _printf_llx                              0x00000000   Number         0  printfstubs.o ABSOLUTE
    _printf_longlong_dec                     0x00000000   Number         0  printfstubs.o ABSOLUTE
    _printf_longlong_hex                     0x00000000   Number         0  printfstubs.o ABSOLUTE
    _printf_longlong_oct                     0x00000000   Number         0  printfstubs.o ABSOLUTE
    _printf_ls                               0x00000000   Number         0  printfstubs.o ABSOLUTE
    _printf_mbtowc                           0x00000000   Number         0  printfstubs.o ABSOLUTE
    _printf_n                                0x00000000   Number         0  printfstubs.o ABSOLUTE
    _printf_o                                0x00000000   Number         0  printfstubs.o ABSOLUTE
    _printf_p                                0x00000000   Number         0  printfstubs.o ABSOLUTE
    _printf_percent                          0x00000000   Number         0  printfstubs.o ABSOLUTE
    _printf_pre_padding                      0x00000000   Number         0  printfstubs.o ABSOLUTE
    _printf_return_value                     0x00000000   Number         0  printfstubs.o ABSOLUTE
    _printf_s                                0x00000000   Number         0  printfstubs.o ABSOLUTE
    _printf_sizespec                         0x00000000   Number         0  printfstubs.o ABSOLUTE
    _printf_str                              0x00000000   Number         0  printfstubs.o ABSOLUTE
    _printf_truncate_signed                  0x00000000   Number         0  printfstubs.o ABSOLUTE
    _printf_truncate_unsigned                0x00000000   Number         0  printfstubs.o ABSOLUTE
    _printf_u                                0x00000000   Number         0  printfstubs.o ABSOLUTE
    _printf_wc                               0x00000000   Number         0  printfstubs.o ABSOLUTE
    _printf_wctomb                           0x00000000   Number         0  printfstubs.o ABSOLUTE
    _printf_widthprec                        0x00000000   Number         0  printfstubs.o ABSOLUTE
    _printf_x                                0x00000000   Number         0  printfstubs.o ABSOLUTE
    __cpp_initialize__aeabi_                  - Undefined Weak Reference
    __cxa_finalize                            - Undefined Weak Reference
    _clock_init                               - Undefined Weak Reference
    _microlib_exit                            - Undefined Weak Reference
    __Vectors_Size                           0x000000ec   Number         0  startup_stm32f103xb.o ABSOLUTE
    __Vectors                                0x08000000   Data           4  startup_stm32f103xb.o(RESET)
    __Vectors_End                            0x080000ec   Data           0  startup_stm32f103xb.o(RESET)
    __main                                   0x080000ed   Thumb Code     0  entry.o(.ARM.Collect$$$$00000000)
    _main_stk                                0x080000ed   Thumb Code     0  entry2.o(.ARM.Collect$$$$00000001)
    _main_scatterload                        0x080000f1   Thumb Code     0  entry5.o(.ARM.Collect$$$$00000004)
    __main_after_scatterload                 0x080000f5   Thumb Code     0  entry5.o(.ARM.Collect$$$$00000004)
    _main_clock                              0x080000f5   Thumb Code     0  entry7b.o(.ARM.Collect$$$$00000008)
    _main_cpp_init                           0x080000f5   Thumb Code     0  entry8b.o(.ARM.Collect$$$$0000000A)
    _main_init                               0x080000f5   Thumb Code     0  entry9a.o(.ARM.Collect$$$$0000000B)
    __rt_final_cpp                           0x080000fd   Thumb Code     0  entry10a.o(.ARM.Collect$$$$0000000D)
    __rt_final_exit                          0x080000fd   Thumb Code     0  entry11a.o(.ARM.Collect$$$$0000000F)
    Reset_Handler                            0x08000101   Thumb Code     8  startup_stm32f103xb.o(.text)
    ADC1_2_IRQHandler                        0x0800011b   Thumb Code     0  startup_stm32f103xb.o(.text)
    CAN1_RX1_IRQHandler                      0x0800011b   Thumb Code     0  startup_stm32f103xb.o(.text)
    CAN1_SCE_IRQHandler                      0x0800011b   Thumb Code     0  startup_stm32f103xb.o(.text)
    DMA1_Channel1_IRQHandler                 0x0800011b   Thumb Code     0  startup_stm32f103xb.o(.text)
    DMA1_Channel2_IRQHandler                 0x0800011b   Thumb Code     0  startup_stm32f103xb.o(.text)
    DMA1_Channel6_IRQHandler                 0x0800011b   Thumb Code     0  startup_stm32f103xb.o(.text)
    DMA1_Channel7_IRQHandler                 0x0800011b   Thumb Code     0  startup_stm32f103xb.o(.text)
    EXTI0_IRQHandler                         0x0800011b   Thumb Code     0  startup_stm32f103xb.o(.text)
    EXTI15_10_IRQHandler                     0x0800011b   Thumb Code     0  startup_stm32f103xb.o(.text)
    EXTI1_IRQHandler                         0x0800011b   Thumb Code     0  startup_stm32f103xb.o(.text)
    EXTI2_IRQHandler                         0x0800011b   Thumb Code     0  startup_stm32f103xb.o(.text)
    EXTI3_IRQHandler                         0x0800011b   Thumb Code     0  startup_stm32f103xb.o(.text)
    EXTI4_IRQHandler                         0x0800011b   Thumb Code     0  startup_stm32f103xb.o(.text)
    EXTI9_5_IRQHandler                       0x0800011b   Thumb Code     0  startup_stm32f103xb.o(.text)
    FLASH_IRQHandler                         0x0800011b   Thumb Code     0  startup_stm32f103xb.o(.text)
    I2C1_ER_IRQHandler                       0x0800011b   Thumb Code     0  startup_stm32f103xb.o(.text)
    I2C1_EV_IRQHandler                       0x0800011b   Thumb Code     0  startup_stm32f103xb.o(.text)
    I2C2_ER_IRQHandler                       0x0800011b   Thumb Code     0  startup_stm32f103xb.o(.text)
    I2C2_EV_IRQHandler                       0x0800011b   Thumb Code     0  startup_stm32f103xb.o(.text)
    PVD_IRQHandler                           0x0800011b   Thumb Code     0  startup_stm32f103xb.o(.text)
    RCC_IRQHandler                           0x0800011b   Thumb Code     0  startup_stm32f103xb.o(.text)
    RTC_Alarm_IRQHandler                     0x0800011b   Thumb Code     0  startup_stm32f103xb.o(.text)
    RTC_IRQHandler                           0x0800011b   Thumb Code     0  startup_stm32f103xb.o(.text)
    SPI1_IRQHandler                          0x0800011b   Thumb Code     0  startup_stm32f103xb.o(.text)
    SPI2_IRQHandler                          0x0800011b   Thumb Code     0  startup_stm32f103xb.o(.text)
    TAMPER_IRQHandler                        0x0800011b   Thumb Code     0  startup_stm32f103xb.o(.text)
    TIM1_BRK_IRQHandler                      0x0800011b   Thumb Code     0  startup_stm32f103xb.o(.text)
    TIM1_CC_IRQHandler                       0x0800011b   Thumb Code     0  startup_stm32f103xb.o(.text)
    TIM1_TRG_COM_IRQHandler                  0x0800011b   Thumb Code     0  startup_stm32f103xb.o(.text)
    TIM1_UP_IRQHandler                       0x0800011b   Thumb Code     0  startup_stm32f103xb.o(.text)
    TIM2_IRQHandler                          0x0800011b   Thumb Code     0  startup_stm32f103xb.o(.text)
    TIM3_IRQHandler                          0x0800011b   Thumb Code     0  startup_stm32f103xb.o(.text)
    TIM4_IRQHandler                          0x0800011b   Thumb Code     0  startup_stm32f103xb.o(.text)
    USART2_IRQHandler                        0x0800011b   Thumb Code     0  startup_stm32f103xb.o(.text)
    USART3_IRQHandler                        0x0800011b   Thumb Code     0  startup_stm32f103xb.o(.text)
    USBWakeUp_IRQHandler                     0x0800011b   Thumb Code     0  startup_stm32f103xb.o(.text)
    USB_HP_CAN1_TX_IRQHandler                0x0800011b   Thumb Code     0  startup_stm32f103xb.o(.text)
    USB_LP_CAN1_RX0_IRQHandler               0x0800011b   Thumb Code     0  startup_stm32f103xb.o(.text)
    WWDG_IRQHandler                          0x0800011b   Thumb Code     0  startup_stm32f103xb.o(.text)
    __aeabi_uldivmod                         0x08000125   Thumb Code    98  uldiv.o(.text)
    __aeabi_memset                           0x08000187   Thumb Code    14  memseta.o(.text)
    __aeabi_memset4                          0x08000187   Thumb Code     0  memseta.o(.text)
    __aeabi_memset8                          0x08000187   Thumb Code     0  memseta.o(.text)
    __aeabi_memclr                           0x08000195   Thumb Code     4  memseta.o(.text)
    __aeabi_memclr4                          0x08000195   Thumb Code     0  memseta.o(.text)
    __aeabi_memclr8                          0x08000195   Thumb Code     0  memseta.o(.text)
    _memset$wrapper                          0x08000199   Thumb Code    18  memseta.o(.text)
    strcmp                                   0x080001ab   Thumb Code    28  strcmp.o(.text)
    __aeabi_fadd                             0x080001c7   Thumb Code   164  fadd.o(.text)
    __aeabi_fsub                             0x0800026b   Thumb Code     6  fadd.o(.text)
    __aeabi_frsub                            0x08000271   Thumb Code     6  fadd.o(.text)
    __aeabi_fdiv                             0x08000277   Thumb Code   124  fdiv.o(.text)
    __aeabi_fcmple                           0x080002f3   Thumb Code    28  fcmple.o(.text)
    __aeabi_fcmplt                           0x0800030f   Thumb Code    28  fcmplt.o(.text)
    __aeabi_fcmpge                           0x0800032b   Thumb Code    28  fcmpge.o(.text)
    __aeabi_i2f                              0x08000347   Thumb Code    18  fflti.o(.text)
    __aeabi_ui2f                             0x08000359   Thumb Code    10  ffltui.o(.text)
    __aeabi_f2iz                             0x08000363   Thumb Code    50  ffixi.o(.text)
    __aeabi_llsl                             0x08000395   Thumb Code    30  llshl.o(.text)
    _ll_shift_l                              0x08000395   Thumb Code     0  llshl.o(.text)
    __aeabi_llsr                             0x080003b3   Thumb Code    32  llushr.o(.text)
    _ll_ushift_r                             0x080003b3   Thumb Code     0  llushr.o(.text)
    __I$use$fp                               0x080003d3   Thumb Code     0  iusefp.o(.text)
    _float_round                             0x080003d3   Thumb Code    18  fepilogue.o(.text)
    _float_epilogue                          0x080003e5   Thumb Code    92  fepilogue.o(.text)
    __scatterload                            0x08000441   Thumb Code    38  init.o(.text)
    __scatterload_rt2                        0x08000441   Thumb Code     0  init.o(.text)
    __decompress                             0x08000471   Thumb Code     0  __dczerorl2.o(.text)
    __decompress1                            0x08000471   Thumb Code    86  __dczerorl2.o(.text)
    BusFault_Handler                         0x080004c9   Thumb Code     2  stm32f1xx_it.o(.text.BusFault_Handler)
    DMA1_Channel3_IRQHandler                 0x080004cd   Thumb Code    12  stm32f1xx_it.o(.text.DMA1_Channel3_IRQHandler)
    DMA1_Channel4_IRQHandler                 0x080004d9   Thumb Code    12  stm32f1xx_it.o(.text.DMA1_Channel4_IRQHandler)
    DMA1_Channel5_IRQHandler                 0x080004e5   Thumb Code    12  stm32f1xx_it.o(.text.DMA1_Channel5_IRQHandler)
    DebugMon_Handler                         0x080004f1   Thumb Code     2  stm32f1xx_it.o(.text.DebugMon_Handler)
    Error_Handler                            0x080004f5   Thumb Code    10  main.o(.text.Error_Handler)
    HAL_DMA_Abort                            0x08000501   Thumb Code    70  stm32f1xx_hal_dma.o(.text.HAL_DMA_Abort)
    HAL_DMA_Abort_IT                         0x08000549   Thumb Code   180  stm32f1xx_hal_dma.o(.text.HAL_DMA_Abort_IT)
    HAL_DMA_IRQHandler                       0x080005fd   Thumb Code   416  stm32f1xx_hal_dma.o(.text.HAL_DMA_IRQHandler)
    HAL_DMA_Init                             0x0800079d   Thumb Code   134  stm32f1xx_hal_dma.o(.text.HAL_DMA_Init)
    HAL_DMA_Start_IT                         0x08000825   Thumb Code   160  stm32f1xx_hal_dma.o(.text.HAL_DMA_Start_IT)
    HAL_Delay                                0x080008c5   Thumb Code    40  stm32f1xx_hal.o(.text.HAL_Delay)
    HAL_GPIO_Init                            0x080008ed   Thumb Code   526  stm32f1xx_hal_gpio.o(.text.HAL_GPIO_Init)
    HAL_GPIO_ReadPin                         0x08000afd   Thumb Code    10  stm32f1xx_hal_gpio.o(.text.HAL_GPIO_ReadPin)
    HAL_GPIO_WritePin                        0x08000b09   Thumb Code    10  stm32f1xx_hal_gpio.o(.text.HAL_GPIO_WritePin)
    HAL_GetTick                              0x08000b15   Thumb Code    12  stm32f1xx_hal.o(.text.HAL_GetTick)
    HAL_I2C_ErrorCallback                    0x08000b21   Thumb Code     2  stm32f1xx_hal_i2c.o(.text.HAL_I2C_ErrorCallback)
    HAL_I2C_Init                             0x08000b25   Thumb Code   356  stm32f1xx_hal_i2c.o(.text.HAL_I2C_Init)
    HAL_I2C_MasterRxCpltCallback             0x08000c89   Thumb Code     2  stm32f1xx_hal_i2c.o(.text.HAL_I2C_MasterRxCpltCallback)
    HAL_I2C_Master_Receive                   0x08000c8d   Thumb Code  1028  stm32f1xx_hal_i2c.o(.text.HAL_I2C_Master_Receive)
    HAL_I2C_Master_Transmit                  0x08001091   Thumb Code   476  stm32f1xx_hal_i2c.o(.text.HAL_I2C_Master_Transmit)
    HAL_I2C_Master_Transmit_DMA              0x0800126d   Thumb Code   424  stm32f1xx_hal_i2c.o(.text.HAL_I2C_Master_Transmit_DMA)
    HAL_I2C_MemRxCpltCallback                0x08001415   Thumb Code     2  stm32f1xx_hal_i2c.o(.text.HAL_I2C_MemRxCpltCallback)
    HAL_I2C_MspInit                          0x08001419   Thumb Code   100  i2c.o(.text.HAL_I2C_MspInit)
    HAL_I2C_SlaveRxCpltCallback              0x0800147d   Thumb Code     2  stm32f1xx_hal_i2c.o(.text.HAL_I2C_SlaveRxCpltCallback)
    HAL_I2C_SlaveTxCpltCallback              0x08001481   Thumb Code     2  stm32f1xx_hal_i2c.o(.text.HAL_I2C_SlaveTxCpltCallback)
    HAL_IncTick                              0x08001485   Thumb Code    26  stm32f1xx_hal.o(.text.HAL_IncTick)
    HAL_Init                                 0x080014a1   Thumb Code    38  stm32f1xx_hal.o(.text.HAL_Init)
    HAL_InitTick                             0x080014c9   Thumb Code    72  stm32f1xx_hal.o(.text.HAL_InitTick)
    HAL_MspInit                              0x08001511   Thumb Code    66  stm32f1xx_hal_msp.o(.text.HAL_MspInit)
    HAL_NVIC_EnableIRQ                       0x08001555   Thumb Code    34  stm32f1xx_hal_cortex.o(.text.HAL_NVIC_EnableIRQ)
    HAL_NVIC_SetPriority                     0x08001579   Thumb Code    86  stm32f1xx_hal_cortex.o(.text.HAL_NVIC_SetPriority)
    HAL_NVIC_SetPriorityGrouping             0x080015d1   Thumb Code    32  stm32f1xx_hal_cortex.o(.text.HAL_NVIC_SetPriorityGrouping)
    HAL_RCC_CSSCallback                      0x080015f1   Thumb Code     2  stm32f1xx_hal_rcc.o(.text.HAL_RCC_CSSCallback)
    HAL_RCC_ClockConfig                      0x080015f5   Thumb Code   466  stm32f1xx_hal_rcc.o(.text.HAL_RCC_ClockConfig)
    HAL_RCC_EnableCSS                        0x080017c9   Thumb Code    12  stm32f1xx_hal_rcc.o(.text.HAL_RCC_EnableCSS)
    HAL_RCC_GetPCLK1Freq                     0x080017d5   Thumb Code    38  stm32f1xx_hal_rcc.o(.text.HAL_RCC_GetPCLK1Freq)
    HAL_RCC_GetPCLK2Freq                     0x080017fd   Thumb Code    38  stm32f1xx_hal_rcc.o(.text.HAL_RCC_GetPCLK2Freq)
    HAL_RCC_NMI_IRQHandler                   0x08001825   Thumb Code    28  stm32f1xx_hal_rcc.o(.text.HAL_RCC_NMI_IRQHandler)
    HAL_RCC_OscConfig                        0x08001841   Thumb Code  1024  stm32f1xx_hal_rcc.o(.text.HAL_RCC_OscConfig)
    HAL_SPI_ErrorCallback                    0x08001c41   Thumb Code     2  stm32f1xx_hal_spi.o(.text.HAL_SPI_ErrorCallback)
    HAL_SPI_Init                             0x08001c45   Thumb Code   172  stm32f1xx_hal_spi.o(.text.HAL_SPI_Init)
    HAL_SPI_MspInit                          0x08001cf1   Thumb Code   194  spi.o(.text.HAL_SPI_MspInit)
    HAL_SPI_Receive                          0x08001db5   Thumb Code   512  stm32f1xx_hal_spi.o(.text.HAL_SPI_Receive)
    HAL_SPI_Transmit                         0x08001fb5   Thumb Code   506  stm32f1xx_hal_spi.o(.text.HAL_SPI_Transmit)
    HAL_SPI_TransmitReceive                  0x080021b1   Thumb Code   722  stm32f1xx_hal_spi.o(.text.HAL_SPI_TransmitReceive)
    HAL_SPI_Transmit_DMA                     0x08002485   Thumb Code   200  stm32f1xx_hal_spi.o(.text.HAL_SPI_Transmit_DMA)
    HAL_SPI_TxCpltCallback                   0x0800254d   Thumb Code     2  stm32f1xx_hal_spi.o(.text.HAL_SPI_TxCpltCallback)
    HAL_SPI_TxHalfCpltCallback               0x08002551   Thumb Code     2  stm32f1xx_hal_spi.o(.text.HAL_SPI_TxHalfCpltCallback)
    HAL_SYSTICK_Config                       0x08002555   Thumb Code    44  stm32f1xx_hal_cortex.o(.text.HAL_SYSTICK_Config)
    HAL_UARTEx_RxEventCallback               0x08002581   Thumb Code     2  stm32f1xx_hal_uart.o(.text.HAL_UARTEx_RxEventCallback)
    HAL_UART_DMAStop                         0x08002585   Thumb Code   540  stm32f1xx_hal_uart.o(.text.HAL_UART_DMAStop)
    HAL_UART_ErrorCallback                   0x080027a1   Thumb Code     2  stm32f1xx_hal_uart.o(.text.HAL_UART_ErrorCallback)
    HAL_UART_IRQHandler                      0x080027a5   Thumb Code  1392  stm32f1xx_hal_uart.o(.text.HAL_UART_IRQHandler)
    HAL_UART_IdleCallback                    0x08002d15   Thumb Code   180  system.o(.text.HAL_UART_IdleCallback)
    HAL_UART_Init                            0x08002dc9   Thumb Code   226  stm32f1xx_hal_uart.o(.text.HAL_UART_Init)
    HAL_UART_MspInit                         0x08002ead   Thumb Code   252  usart.o(.text.HAL_UART_MspInit)
    HAL_UART_Receive_DMA                     0x08002fa9   Thumb Code   352  stm32f1xx_hal_uart.o(.text.HAL_UART_Receive_DMA)
    HAL_UART_RxCpltCallback                  0x08003109   Thumb Code     2  stm32f1xx_hal_uart.o(.text.HAL_UART_RxCpltCallback)
    HAL_UART_RxHalfCpltCallback              0x0800310d   Thumb Code     2  stm32f1xx_hal_uart.o(.text.HAL_UART_RxHalfCpltCallback)
    HAL_UART_Transmit                        0x08003111   Thumb Code   376  stm32f1xx_hal_uart.o(.text.HAL_UART_Transmit)
    HAL_UART_TxCpltCallback                  0x08003289   Thumb Code     2  stm32f1xx_hal_uart.o(.text.HAL_UART_TxCpltCallback)
    HardFault_Handler                        0x080033f1   Thumb Code     2  stm32f1xx_it.o(.text.HardFault_Handler)
    LLOS_DelayMs                             0x08003a59   Thumb Code    18  llos.o(.text.LLOS_DelayMs)
    LLOS_Device_Ctrl                         0x08003a6d   Thumb Code    12  llos.o(.text.LLOS_Device_Ctrl)
    LLOS_Device_Find                         0x08003a79   Thumb Code    84  llos.o(.text.LLOS_Device_Find)
    LLOS_Device_Register_GPIO                0x08003acd   Thumb Code    64  hal_gpio.o(.text.LLOS_Device_Register_GPIO)
    LLOS_Device_Register_I2C2                0x08003b39   Thumb Code    84  hal_i2c2.o(.text.LLOS_Device_Register_I2C2)
    LLOS_Device_Register_SPI1                0x08003bb9   Thumb Code    96  hal_spi1.o(.text.LLOS_Device_Register_SPI1)
    LLOS_Device_Write                        0x08003c45   Thumb Code    32  llos.o(.text.LLOS_Device_Write)
    LLOS_Device_WritePin                     0x08003c65   Thumb Code    12  llos.o(.text.LLOS_Device_WritePin)
    LLOS_Init                                0x08003c71   Thumb Code    80  llos.o(.text.LLOS_Init)
    LLOS_LED_Blink                           0x08003d35   Thumb Code   204  llos_led.o(.text.LLOS_LED_Blink)
    LLOS_LED_Init                            0x08003e1d   Thumb Code    68  llos_led.o(.text.LLOS_LED_Init)
    LLOS_Loop                                0x08003fe9   Thumb Code   268  llos.o(.text.LLOS_Loop)
    LLOS_Ms_To_Tick                          0x080040f5   Thumb Code    18  llos.o(.text.LLOS_Ms_To_Tick)
    LLOS_Msg_Clear                           0x08004109   Thumb Code    14  llos.o(.text.LLOS_Msg_Clear)
    LLOS_Msg_Receive                         0x08004119   Thumb Code    12  llos.o(.text.LLOS_Msg_Receive)
    LLOS_Register_Device                     0x08004125   Thumb Code   104  llos.o(.text.LLOS_Register_Device)
    LLOS_Register_Events                     0x0800418d   Thumb Code    44  llos.o(.text.LLOS_Register_Events)
    LLOS_Register_System_Reset               0x080041b9   Thumb Code    12  llos.o(.text.LLOS_Register_System_Reset)
    LLOS_SSD1306_DrawCircle                  0x080041c5   Thumb Code  1670  llos_ssd1306.o(.text.LLOS_SSD1306_DrawCircle)
    LLOS_SSD1306_DrawLine                    0x0800484d   Thumb Code   254  llos_ssd1306.o(.text.LLOS_SSD1306_DrawLine)
    LLOS_SSD1306_DrawPic                     0x0800494d   Thumb Code   706  llos_ssd1306.o(.text.LLOS_SSD1306_DrawPic)
    LLOS_SSD1306_DrawRectangle               0x08004c11   Thumb Code   110  llos_ssd1306.o(.text.LLOS_SSD1306_DrawRectangle)
    LLOS_SSD1306_DrawRoundedRectangle        0x08004c81   Thumb Code   344  llos_ssd1306.o(.text.LLOS_SSD1306_DrawRoundedRectangle)
    LLOS_SSD1306_DrawTriangle                0x08004dd9   Thumb Code   522  llos_ssd1306.o(.text.LLOS_SSD1306_DrawTriangle)
    LLOS_SSD1306_Fill                        0x08004fe5   Thumb Code   104  llos_ssd1306.o(.text.LLOS_SSD1306_Fill)
    LLOS_SSD1306_HAL_Init                    0x0800504d   Thumb Code   112  llos_ssd1306_conf.o(.text.LLOS_SSD1306_HAL_Init)
    LLOS_SSD1306_Init                        0x08005135   Thumb Code   364  llos_ssd1306.o(.text.LLOS_SSD1306_Init)
    LLOS_SSD1306_ShowNumFormat               0x080053f5   Thumb Code   426  llos_ssd1306.o(.text.LLOS_SSD1306_ShowNumFormat)
    LLOS_SSD1306_ShowString                  0x080055a1   Thumb Code   678  llos_ssd1306.o(.text.LLOS_SSD1306_ShowString)
    LLOS_Start_Event                         0x08005849   Thumb Code   732  llos.o(.text.LLOS_Start_Event)
    LLOS_Tick_Increase                       0x08005b25   Thumb Code   272  llos.o(.text.LLOS_Tick_Increase)
    LLOS_Timer_Set                           0x08005c35   Thumb Code    84  llos.o(.text.LLOS_Timer_Set)
    MX_DMA_Init                              0x08005ca9   Thumb Code    84  dma.o(.text.MX_DMA_Init)
    MX_GPIO_Init                             0x08005cfd   Thumb Code   196  gpio.o(.text.MX_GPIO_Init)
    MX_I2C2_Init                             0x08005dc1   Thumb Code    66  i2c.o(.text.MX_I2C2_Init)
    MX_SPI1_Init                             0x08005e05   Thumb Code    76  spi.o(.text.MX_SPI1_Init)
    MX_USART1_UART_Init                      0x08005e51   Thumb Code    60  usart.o(.text.MX_USART1_UART_Init)
    MemManage_Handler                        0x08005e8d   Thumb Code     2  stm32f1xx_it.o(.text.MemManage_Handler)
    NMI_Handler                              0x08005e91   Thumb Code     6  stm32f1xx_it.o(.text.NMI_Handler)
    PendSV_Handler                           0x08005e99   Thumb Code     2  stm32f1xx_it.o(.text.PendSV_Handler)
    SVC_Handler                              0x08006079   Thumb Code     2  stm32f1xx_it.o(.text.SVC_Handler)
    SysTick_Handler                          0x0800607d   Thumb Code    16  stm32f1xx_it.o(.text.SysTick_Handler)
    SystemInit                               0x0800608d   Thumb Code     2  system_stm32f1xx.o(.text.SystemInit)
    System_Init                              0x08006091   Thumb Code   126  system.o(.text.System_Init)
    System_Loop                              0x08006111   Thumb Code    44  system.o(.text.System_Loop)
    Task0_Events                             0x08006145   Thumb Code   296  task_display.o(.text.Task0_Events)
    TaskDisplay_Init                         0x0800628d   Thumb Code   348  task_display.o(.text.TaskDisplay_Init)
    USART1_IRQHandler                        0x08006835   Thumb Code    26  stm32f1xx_it.o(.text.USART1_IRQHandler)
    UsageFault_Handler                       0x08006851   Thumb Code     2  stm32f1xx_it.o(.text.UsageFault_Handler)
    fputc                                    0x08006881   Thumb Code    32  system.o(.text.fputc)
    main                                     0x080068a1   Thumb Code   130  main.o(.text.main)
    __0printf$8                              0x08006925   Thumb Code    22  printf8.o(i.__0printf$8)
    __1printf$8                              0x08006925   Thumb Code     0  printf8.o(i.__0printf$8)
    __2printf                                0x08006925   Thumb Code     0  printf8.o(i.__0printf$8)
    __0sprintf$8                             0x08006945   Thumb Code    34  printf8.o(i.__0sprintf$8)
    __1sprintf$8                             0x08006945   Thumb Code     0  printf8.o(i.__0sprintf$8)
    __2sprintf                               0x08006945   Thumb Code     0  printf8.o(i.__0sprintf$8)
    __scatterload_copy                       0x0800696d   Thumb Code    14  handlers.o(i.__scatterload_copy)
    __scatterload_null                       0x0800697b   Thumb Code     2  handlers.o(i.__scatterload_null)
    __scatterload_zeroinit                   0x0800697d   Thumb Code    14  handlers.o(i.__scatterload_zeroinit)
    puts                                     0x08006df9   Thumb Code    30  puts.o(i.puts)
    AHBPrescTable                            0x08006e1c   Data          16  system_stm32f1xx.o(.rodata.AHBPrescTable)
    APBPrescTable                            0x08006e2c   Data           8  system_stm32f1xx.o(.rodata.APBPrescTable)
    ll_SSD1306_font_ASCII6x8                 0x08006e46   Data         552  llos_ssd1306.o(.rodata.ll_SSD1306_font_ASCII6x8)
    ll_SSD1306_font_ASCII8x16                0x0800706e   Data        1520  llos_ssd1306.o(.rodata.ll_SSD1306_font_ASCII8x16)
    ll_SSD1306_font_CN16x16                  0x0800765e   Data         350  llos_ssd1306.o(.rodata.ll_SSD1306_font_CN16x16)
    Region$$Table$$Base                      0x08007804   Number         0  anon$$obj.o(Region$$Table)
    Region$$Table$$Limit                     0x08007824   Number         0  anon$$obj.o(Region$$Table)
    __stdout                                 0x20000000   Data           4  stdout.o(.data)
    uwTickFreq                               0x20000004   Data           1  stm32f1xx_hal.o(.data..L_MergedGlobals)
    uwTickPrio                               0x20000008   Data           4  stm32f1xx_hal.o(.data..L_MergedGlobals)
    SystemCoreClock                          0x2000000c   Data           4  system_stm32f1xx.o(.data.SystemCoreClock)
    taskDisplayId                            0x20002410   Data           1  task_display.o(.data.taskDisplayId)
    ll_calendar                              0x20002438   Data           8  llos.o(.bss..L_MergedGlobals)
    g_aLcdBuf                                0x20002800   Data        1024  llos_ssd1306.o(.bss.g_aLcdBuf)
    hdma_spi1_tx                             0x20002c00   Data          68  spi.o(.bss.hdma_spi1_tx)
    hdma_usart1_rx                           0x20002c44   Data          68  usart.o(.bss.hdma_usart1_rx)
    hdma_usart1_tx                           0x20002c88   Data          68  usart.o(.bss.hdma_usart1_tx)
    hi2c2                                    0x20002ccc   Data          84  i2c.o(.bss.hi2c2)
    hspi1                                    0x20002d20   Data          88  spi.o(.bss.hspi1)
    huart1                                   0x20002d78   Data          72  usart.o(.bss.huart1)
    usart1_recBuf                            0x20002f10   Data         258  system.o(.bss.usart1_recBuf)
    uwTick                                   0x20003014   Data           4  stm32f1xx_hal.o(.bss.uwTick)
    __initial_sp                             0x20003418   Data           0  startup_stm32f103xb.o(STACK)



==============================================================================

Memory Map of the image

  Image Entry point : 0x080000ed

  Load Region LR_IROM1 (Base: 0x08000000, Size: 0x00009c40, Max: 0x00010000, ABSOLUTE, COMPRESSED[0x00007e18])

    Execution Region ER_IROM1 (Exec base: 0x08000000, Load base: 0x08000000, Size: 0x00007824, Max: 0x00010000, ABSOLUTE)

    Exec Addr    Load Addr    Size         Type   Attr      Idx    E Section Name        Object

    0x08000000   0x08000000   0x000000ec   Data   RO            3    RESET               startup_stm32f103xb.o
    0x080000ec   0x080000ec   0x00000000   Code   RO         1136  * .ARM.Collect$$$$00000000  mc_w.l(entry.o)
    0x080000ec   0x080000ec   0x00000004   Code   RO         1426    .ARM.Collect$$$$00000001  mc_w.l(entry2.o)
    0x080000f0   0x080000f0   0x00000004   Code   RO         1429    .ARM.Collect$$$$00000004  mc_w.l(entry5.o)
    0x080000f4   0x080000f4   0x00000000   Code   RO         1431    .ARM.Collect$$$$00000008  mc_w.l(entry7b.o)
    0x080000f4   0x080000f4   0x00000000   Code   RO         1433    .ARM.Collect$$$$0000000A  mc_w.l(entry8b.o)
    0x080000f4   0x080000f4   0x00000008   Code   RO         1434    .ARM.Collect$$$$0000000B  mc_w.l(entry9a.o)
    0x080000fc   0x080000fc   0x00000000   Code   RO         1436    .ARM.Collect$$$$0000000D  mc_w.l(entry10a.o)
    0x080000fc   0x080000fc   0x00000000   Code   RO         1438    .ARM.Collect$$$$0000000F  mc_w.l(entry11a.o)
    0x080000fc   0x080000fc   0x00000004   Code   RO         1427    .ARM.Collect$$$$00002712  mc_w.l(entry2.o)
    0x08000100   0x08000100   0x00000024   Code   RO            4    .text               startup_stm32f103xb.o
    0x08000124   0x08000124   0x00000062   Code   RO         1143    .text               mc_w.l(uldiv.o)
    0x08000186   0x08000186   0x00000024   Code   RO         1145    .text               mc_w.l(memseta.o)
    0x080001aa   0x080001aa   0x0000001c   Code   RO         1147    .text               mc_w.l(strcmp.o)
    0x080001c6   0x080001c6   0x000000b0   Code   RO         1410    .text               mf_w.l(fadd.o)
    0x08000276   0x08000276   0x0000007c   Code   RO         1412    .text               mf_w.l(fdiv.o)
    0x080002f2   0x080002f2   0x0000001c   Code   RO         1414    .text               mf_w.l(fcmple.o)
    0x0800030e   0x0800030e   0x0000001c   Code   RO         1416    .text               mf_w.l(fcmplt.o)
    0x0800032a   0x0800032a   0x0000001c   Code   RO         1418    .text               mf_w.l(fcmpge.o)
    0x08000346   0x08000346   0x00000012   Code   RO         1420    .text               mf_w.l(fflti.o)
    0x08000358   0x08000358   0x0000000a   Code   RO         1422    .text               mf_w.l(ffltui.o)
    0x08000362   0x08000362   0x00000032   Code   RO         1424    .text               mf_w.l(ffixi.o)
    0x08000394   0x08000394   0x0000001e   Code   RO         1452    .text               mc_w.l(llshl.o)
    0x080003b2   0x080003b2   0x00000020   Code   RO         1454    .text               mc_w.l(llushr.o)
    0x080003d2   0x080003d2   0x00000000   Code   RO         1456    .text               mc_w.l(iusefp.o)
    0x080003d2   0x080003d2   0x0000006e   Code   RO         1457    .text               mf_w.l(fepilogue.o)
    0x08000440   0x08000440   0x00000030   Code   RO         1469    .text               mc_w.l(init.o)
    0x08000470   0x08000470   0x00000056   Code   RO         1483    .text               mc_w.l(__dczerorl2.o)
    0x080004c6   0x080004c6   0x00000002   PAD
    0x080004c8   0x080004c8   0x00000002   Code   RO           99    .text.BusFault_Handler  stm32f1xx_it.o
    0x080004ca   0x080004ca   0x00000002   PAD
    0x080004cc   0x080004cc   0x0000000c   Code   RO          111    .text.DMA1_Channel3_IRQHandler  stm32f1xx_it.o
    0x080004d8   0x080004d8   0x0000000c   Code   RO          113    .text.DMA1_Channel4_IRQHandler  stm32f1xx_it.o
    0x080004e4   0x080004e4   0x0000000c   Code   RO          115    .text.DMA1_Channel5_IRQHandler  stm32f1xx_it.o
    0x080004f0   0x080004f0   0x00000002   Code   RO          105    .text.DebugMon_Handler  stm32f1xx_it.o
    0x080004f2   0x080004f2   0x00000002   PAD
    0x080004f4   0x080004f4   0x0000000a   Code   RO           15    .text.Error_Handler  main.o
    0x080004fe   0x080004fe   0x00000002   PAD
    0x08000500   0x08000500   0x00000046   Code   RO          431    .text.HAL_DMA_Abort  stm32f1xx_hal_dma.o
    0x08000546   0x08000546   0x00000002   PAD
    0x08000548   0x08000548   0x000000b4   Code   RO          433    .text.HAL_DMA_Abort_IT  stm32f1xx_hal_dma.o
    0x080005fc   0x080005fc   0x000001a0   Code   RO          437    .text.HAL_DMA_IRQHandler  stm32f1xx_hal_dma.o
    0x0800079c   0x0800079c   0x00000086   Code   RO          423    .text.HAL_DMA_Init  stm32f1xx_hal_dma.o
    0x08000822   0x08000822   0x00000002   PAD
    0x08000824   0x08000824   0x000000a0   Code   RO          429    .text.HAL_DMA_Start_IT  stm32f1xx_hal_dma.o
    0x080008c4   0x080008c4   0x00000028   Code   RO          307    .text.HAL_Delay     stm32f1xx_hal.o
    0x080008ec   0x080008ec   0x0000020e   Code   RO          399    .text.HAL_GPIO_Init  stm32f1xx_hal_gpio.o
    0x08000afa   0x08000afa   0x00000002   PAD
    0x08000afc   0x08000afc   0x0000000a   Code   RO          403    .text.HAL_GPIO_ReadPin  stm32f1xx_hal_gpio.o
    0x08000b06   0x08000b06   0x00000002   PAD
    0x08000b08   0x08000b08   0x0000000a   Code   RO          405    .text.HAL_GPIO_WritePin  stm32f1xx_hal_gpio.o
    0x08000b12   0x08000b12   0x00000002   PAD
    0x08000b14   0x08000b14   0x0000000c   Code   RO          299    .text.HAL_GetTick   stm32f1xx_hal.o
    0x08000b20   0x08000b20   0x00000002   Code   RO          267    .text.HAL_I2C_ErrorCallback  stm32f1xx_hal_i2c.o
    0x08000b22   0x08000b22   0x00000002   PAD
    0x08000b24   0x08000b24   0x00000164   Code   RO          149    .text.HAL_I2C_Init  stm32f1xx_hal_i2c.o
    0x08000c88   0x08000c88   0x00000002   Code   RO          253    .text.HAL_I2C_MasterRxCpltCallback  stm32f1xx_hal_i2c.o
    0x08000c8a   0x08000c8a   0x00000002   PAD
    0x08000c8c   0x08000c8c   0x00000404   Code   RO          165    .text.HAL_I2C_Master_Receive  stm32f1xx_hal_i2c.o
    0x08001090   0x08001090   0x000001dc   Code   RO          157    .text.HAL_I2C_Master_Transmit  stm32f1xx_hal_i2c.o
    0x0800126c   0x0800126c   0x000001a8   Code   RO          181    .text.HAL_I2C_Master_Transmit_DMA  stm32f1xx_hal_i2c.o
    0x08001414   0x08001414   0x00000002   Code   RO          265    .text.HAL_I2C_MemRxCpltCallback  stm32f1xx_hal_i2c.o
    0x08001416   0x08001416   0x00000002   PAD
    0x08001418   0x08001418   0x00000064   Code   RO           47    .text.HAL_I2C_MspInit  i2c.o
    0x0800147c   0x0800147c   0x00000002   Code   RO          257    .text.HAL_I2C_SlaveRxCpltCallback  stm32f1xx_hal_i2c.o
    0x0800147e   0x0800147e   0x00000002   PAD
    0x08001480   0x08001480   0x00000002   Code   RO          255    .text.HAL_I2C_SlaveTxCpltCallback  stm32f1xx_hal_i2c.o
    0x08001482   0x08001482   0x00000002   PAD
    0x08001484   0x08001484   0x0000001a   Code   RO          297    .text.HAL_IncTick   stm32f1xx_hal.o
    0x0800149e   0x0800149e   0x00000002   PAD
    0x080014a0   0x080014a0   0x00000026   Code   RO          287    .text.HAL_Init      stm32f1xx_hal.o
    0x080014c6   0x080014c6   0x00000002   PAD
    0x080014c8   0x080014c8   0x00000048   Code   RO          289    .text.HAL_InitTick  stm32f1xx_hal.o
    0x08001510   0x08001510   0x00000042   Code   RO          126    .text.HAL_MspInit   stm32f1xx_hal_msp.o
    0x08001552   0x08001552   0x00000002   PAD
    0x08001554   0x08001554   0x00000022   Code   RO          459    .text.HAL_NVIC_EnableIRQ  stm32f1xx_hal_cortex.o
    0x08001576   0x08001576   0x00000002   PAD
    0x08001578   0x08001578   0x00000056   Code   RO          457    .text.HAL_NVIC_SetPriority  stm32f1xx_hal_cortex.o
    0x080015ce   0x080015ce   0x00000002   PAD
    0x080015d0   0x080015d0   0x00000020   Code   RO          455    .text.HAL_NVIC_SetPriorityGrouping  stm32f1xx_hal_cortex.o
    0x080015f0   0x080015f0   0x00000002   Code   RO          373    .text.HAL_RCC_CSSCallback  stm32f1xx_hal_rcc.o
    0x080015f2   0x080015f2   0x00000002   PAD
    0x080015f4   0x080015f4   0x000001d2   Code   RO          351    .text.HAL_RCC_ClockConfig  stm32f1xx_hal_rcc.o
    0x080017c6   0x080017c6   0x00000002   PAD
    0x080017c8   0x080017c8   0x0000000c   Code   RO          357    .text.HAL_RCC_EnableCSS  stm32f1xx_hal_rcc.o
    0x080017d4   0x080017d4   0x00000026   Code   RO          363    .text.HAL_RCC_GetPCLK1Freq  stm32f1xx_hal_rcc.o
    0x080017fa   0x080017fa   0x00000002   PAD
    0x080017fc   0x080017fc   0x00000026   Code   RO          365    .text.HAL_RCC_GetPCLK2Freq  stm32f1xx_hal_rcc.o
    0x08001822   0x08001822   0x00000002   PAD
    0x08001824   0x08001824   0x0000001c   Code   RO          371    .text.HAL_RCC_NMI_IRQHandler  stm32f1xx_hal_rcc.o
    0x08001840   0x08001840   0x00000400   Code   RO          349    .text.HAL_RCC_OscConfig  stm32f1xx_hal_rcc.o
    0x08001c40   0x08001c40   0x00000002   Code   RO          700    .text.HAL_SPI_ErrorCallback  stm32f1xx_hal_spi.o
    0x08001c42   0x08001c42   0x00000002   PAD
    0x08001c44   0x08001c44   0x000000ac   Code   RO          620    .text.HAL_SPI_Init  stm32f1xx_hal_spi.o
    0x08001cf0   0x08001cf0   0x000000c2   Code   RO           62    .text.HAL_SPI_MspInit  spi.o
    0x08001db2   0x08001db2   0x00000002   PAD
    0x08001db4   0x08001db4   0x00000200   Code   RO          630    .text.HAL_SPI_Receive  stm32f1xx_hal_spi.o
    0x08001fb4   0x08001fb4   0x000001fa   Code   RO          628    .text.HAL_SPI_Transmit  stm32f1xx_hal_spi.o
    0x080021ae   0x080021ae   0x00000002   PAD
    0x080021b0   0x080021b0   0x000002d2   Code   RO          632    .text.HAL_SPI_TransmitReceive  stm32f1xx_hal_spi.o
    0x08002482   0x08002482   0x00000002   PAD
    0x08002484   0x08002484   0x000000c8   Code   RO          656    .text.HAL_SPI_Transmit_DMA  stm32f1xx_hal_spi.o
    0x0800254c   0x0800254c   0x00000002   Code   RO          702    .text.HAL_SPI_TxCpltCallback  stm32f1xx_hal_spi.o
    0x0800254e   0x0800254e   0x00000002   PAD
    0x08002550   0x08002550   0x00000002   Code   RO          708    .text.HAL_SPI_TxHalfCpltCallback  stm32f1xx_hal_spi.o
    0x08002552   0x08002552   0x00000002   PAD
    0x08002554   0x08002554   0x0000002c   Code   RO          467    .text.HAL_SYSTICK_Config  stm32f1xx_hal_cortex.o
    0x08002580   0x08002580   0x00000002   Code   RO          820    .text.HAL_UARTEx_RxEventCallback  stm32f1xx_hal_uart.o
    0x08002582   0x08002582   0x00000002   PAD
    0x08002584   0x08002584   0x0000021c   Code   RO          776    .text.HAL_UART_DMAStop  stm32f1xx_hal_uart.o
    0x080027a0   0x080027a0   0x00000002   Code   RO          818    .text.HAL_UART_ErrorCallback  stm32f1xx_hal_uart.o
    0x080027a2   0x080027a2   0x00000002   PAD
    0x080027a4   0x080027a4   0x00000570   Code   RO          812    .text.HAL_UART_IRQHandler  stm32f1xx_hal_uart.o
    0x08002d14   0x08002d14   0x000000b4   Code   RO         1051    .text.HAL_UART_IdleCallback  system.o
    0x08002dc8   0x08002dc8   0x000000e2   Code   RO          736    .text.HAL_UART_Init  stm32f1xx_hal_uart.o
    0x08002eaa   0x08002eaa   0x00000002   PAD
    0x08002eac   0x08002eac   0x000000fc   Code   RO           78    .text.HAL_UART_MspInit  usart.o
    0x08002fa8   0x08002fa8   0x00000160   Code   RO          768    .text.HAL_UART_Receive_DMA  stm32f1xx_hal_uart.o
    0x08003108   0x08003108   0x00000002   Code   RO          826    .text.HAL_UART_RxCpltCallback  stm32f1xx_hal_uart.o
    0x0800310a   0x0800310a   0x00000002   PAD
    0x0800310c   0x0800310c   0x00000002   Code   RO          828    .text.HAL_UART_RxHalfCpltCallback  stm32f1xx_hal_uart.o
    0x0800310e   0x0800310e   0x00000002   PAD
    0x08003110   0x08003110   0x00000178   Code   RO          750    .text.HAL_UART_Transmit  stm32f1xx_hal_uart.o
    0x08003288   0x08003288   0x00000002   Code   RO          822    .text.HAL_UART_TxCpltCallback  stm32f1xx_hal_uart.o
    0x0800328a   0x0800328a   0x00000002   PAD
    0x0800328c   0x0800328c   0x00000012   Code   RO         1066    .text.HW_GPIOA_ReadPin  hal_gpio.o
    0x0800329e   0x0800329e   0x00000002   PAD
    0x080032a0   0x080032a0   0x00000014   Code   RO         1064    .text.HW_GPIOA_WritePin  hal_gpio.o
    0x080032b4   0x080032b4   0x00000004   Code   RO         1084    .text.HW_I2C2_Ctrl  hal_i2c2.o
    0x080032b8   0x080032b8   0x0000001c   Code   RO         1082    .text.HW_I2C2_DMAWrite  hal_i2c2.o
    0x080032d4   0x080032d4   0x00000028   Code   RO         1080    .text.HW_I2C2_Read  hal_i2c2.o
    0x080032fc   0x080032fc   0x00000028   Code   RO         1078    .text.HW_I2C2_Write  hal_i2c2.o
    0x08003324   0x08003324   0x00000026   Code   RO         1104    .text.HW_SPI1_Ctrl  hal_spi1.o
    0x0800334a   0x0800334a   0x00000002   PAD
    0x0800334c   0x0800334c   0x00000038   Code   RO         1102    .text.HW_SPI1_DMAWrite  hal_spi1.o
    0x08003384   0x08003384   0x0000001e   Code   RO         1098    .text.HW_SPI1_Read  hal_spi1.o
    0x080033a2   0x080033a2   0x00000002   PAD
    0x080033a4   0x080033a4   0x0000001e   Code   RO         1096    .text.HW_SPI1_Write  hal_spi1.o
    0x080033c2   0x080033c2   0x00000002   PAD
    0x080033c4   0x080033c4   0x0000002a   Code   RO         1100    .text.HW_SPI1_WriteRead  hal_spi1.o
    0x080033ee   0x080033ee   0x00000002   PAD
    0x080033f0   0x080033f0   0x00000002   Code   RO           95    .text.HardFault_Handler  stm32f1xx_it.o
    0x080033f2   0x080033f2   0x00000002   PAD
    0x080033f4   0x080033f4   0x0000003a   Code   RO          185    .text.I2C_DMAError  stm32f1xx_hal_i2c.o
    0x0800342e   0x0800342e   0x00000002   PAD
    0x08003430   0x08003430   0x00000130   Code   RO          183    .text.I2C_DMAXferCplt  stm32f1xx_hal_i2c.o
    0x08003560   0x08003560   0x000000ba   Code   RO          163    .text.I2C_WaitOnBTFFlagUntilTimeout  stm32f1xx_hal_i2c.o
    0x0800361a   0x0800361a   0x00000002   PAD
    0x0800361c   0x0800361c   0x000001ca   Code   RO          159    .text.I2C_WaitOnFlagUntilTimeout  stm32f1xx_hal_i2c.o
    0x080037e6   0x080037e6   0x00000002   PAD
    0x080037e8   0x080037e8   0x000000d6   Code   RO          277    .text.I2C_WaitOnMasterAddressFlagUntilTimeout  stm32f1xx_hal_i2c.o
    0x080038be   0x080038be   0x00000002   PAD
    0x080038c0   0x080038c0   0x00000090   Code   RO          167    .text.I2C_WaitOnRXNEFlagUntilTimeout  stm32f1xx_hal_i2c.o
    0x08003950   0x08003950   0x000000ba   Code   RO          161    .text.I2C_WaitOnTXEFlagUntilTimeout  stm32f1xx_hal_i2c.o
    0x08003a0a   0x08003a0a   0x00000002   PAD
    0x08003a0c   0x08003a0c   0x0000004c   Code   RO         1032    .text.I8080_WriteByteCB  llos_ssd1306_conf.o
    0x08003a58   0x08003a58   0x00000012   Code   RO          899    .text.LLOS_DelayMs  llos.o
    0x08003a6a   0x08003a6a   0x00000002   PAD
    0x08003a6c   0x08003a6c   0x0000000c   Code   RO          949    .text.LLOS_Device_Ctrl  llos.o
    0x08003a78   0x08003a78   0x00000054   Code   RO          927    .text.LLOS_Device_Find  llos.o
    0x08003acc   0x08003acc   0x0000006c   Code   RO         1062    .text.LLOS_Device_Register_GPIO  hal_gpio.o
    0x08003b38   0x08003b38   0x00000080   Code   RO         1076    .text.LLOS_Device_Register_I2C2  hal_i2c2.o
    0x08003bb8   0x08003bb8   0x0000008c   Code   RO         1094    .text.LLOS_Device_Register_SPI1  hal_spi1.o
    0x08003c44   0x08003c44   0x00000020   Code   RO          937    .text.LLOS_Device_Write  llos.o
    0x08003c64   0x08003c64   0x0000000c   Code   RO          943    .text.LLOS_Device_WritePin  llos.o
    0x08003c70   0x08003c70   0x000000c4   Code   RO          871    .text.LLOS_Init     llos.o
    0x08003d34   0x08003d34   0x000000e8   Code   RO          976    .text.LLOS_LED_Blink  llos_led.o
    0x08003e1c   0x08003e1c   0x00000060   Code   RO          970    .text.LLOS_LED_Init  llos_led.o
    0x08003e7c   0x08003e7c   0x0000016a   Code   RO          972    .text.LLOS_LED_Tick  llos_led.o
    0x08003fe6   0x08003fe6   0x00000002   PAD
    0x08003fe8   0x08003fe8   0x0000010c   Code   RO          875    .text.LLOS_Loop     llos.o
    0x080040f4   0x080040f4   0x00000012   Code   RO          889    .text.LLOS_Ms_To_Tick  llos.o
    0x08004106   0x08004106   0x00000002   PAD
    0x08004108   0x08004108   0x0000000e   Code   RO          895    .text.LLOS_Msg_Clear  llos.o
    0x08004116   0x08004116   0x00000002   PAD
    0x08004118   0x08004118   0x0000000c   Code   RO          893    .text.LLOS_Msg_Receive  llos.o
    0x08004124   0x08004124   0x00000068   Code   RO          923    .text.LLOS_Register_Device  llos.o
    0x0800418c   0x0800418c   0x0000002c   Code   RO          873    .text.LLOS_Register_Events  llos.o
    0x080041b8   0x080041b8   0x0000000c   Code   RO          919    .text.LLOS_Register_System_Reset  llos.o
    0x080041c4   0x080041c4   0x00000686   Code   RO         1013    .text.LLOS_SSD1306_DrawCircle  llos_ssd1306.o
    0x0800484a   0x0800484a   0x00000002   PAD
    0x0800484c   0x0800484c   0x000000fe   Code   RO         1007    .text.LLOS_SSD1306_DrawLine  llos_ssd1306.o
    0x0800494a   0x0800494a   0x00000002   PAD
    0x0800494c   0x0800494c   0x000002c2   Code   RO          995    .text.LLOS_SSD1306_DrawPic  llos_ssd1306.o
    0x08004c0e   0x08004c0e   0x00000002   PAD
    0x08004c10   0x08004c10   0x0000006e   Code   RO         1009    .text.LLOS_SSD1306_DrawRectangle  llos_ssd1306.o
    0x08004c7e   0x08004c7e   0x00000002   PAD
    0x08004c80   0x08004c80   0x00000158   Code   RO         1011    .text.LLOS_SSD1306_DrawRoundedRectangle  llos_ssd1306.o
    0x08004dd8   0x08004dd8   0x0000020a   Code   RO         1015    .text.LLOS_SSD1306_DrawTriangle  llos_ssd1306.o
    0x08004fe2   0x08004fe2   0x00000002   PAD
    0x08004fe4   0x08004fe4   0x00000068   Code   RO          989    .text.LLOS_SSD1306_Fill  llos_ssd1306.o
    0x0800504c   0x0800504c   0x000000e8   Code   RO         1030    .text.LLOS_SSD1306_HAL_Init  llos_ssd1306_conf.o
    0x08005134   0x08005134   0x0000016c   Code   RO          987    .text.LLOS_SSD1306_Init  llos_ssd1306.o
    0x080052a0   0x080052a0   0x00000154   Code   RO         1003    .text.LLOS_SSD1306_ShowChar  llos_ssd1306.o
    0x080053f4   0x080053f4   0x000001aa   Code   RO          999    .text.LLOS_SSD1306_ShowNumFormat  llos_ssd1306.o
    0x0800559e   0x0800559e   0x00000002   PAD
    0x080055a0   0x080055a0   0x000002a6   Code   RO         1001    .text.LLOS_SSD1306_ShowString  llos_ssd1306.o
    0x08005846   0x08005846   0x00000002   PAD
    0x08005848   0x08005848   0x000002dc   Code   RO          877    .text.LLOS_Start_Event  llos.o
    0x08005b24   0x08005b24   0x00000110   Code   RO          887    .text.LLOS_Tick_Increase  llos.o
    0x08005c34   0x08005c34   0x00000074   Code   RO          903    .text.LLOS_Timer_Set  llos.o
    0x08005ca8   0x08005ca8   0x00000054   Code   RO           36    .text.MX_DMA_Init   dma.o
    0x08005cfc   0x08005cfc   0x000000c4   Code   RO           26    .text.MX_GPIO_Init  gpio.o
    0x08005dc0   0x08005dc0   0x00000042   Code   RO           45    .text.MX_I2C2_Init  i2c.o
    0x08005e02   0x08005e02   0x00000002   PAD
    0x08005e04   0x08005e04   0x0000004c   Code   RO           60    .text.MX_SPI1_Init  spi.o
    0x08005e50   0x08005e50   0x0000003c   Code   RO           76    .text.MX_USART1_UART_Init  usart.o
    0x08005e8c   0x08005e8c   0x00000002   Code   RO           97    .text.MemManage_Handler  stm32f1xx_it.o
    0x08005e8e   0x08005e8e   0x00000002   PAD
    0x08005e90   0x08005e90   0x00000006   Code   RO           93    .text.NMI_Handler   stm32f1xx_it.o
    0x08005e96   0x08005e96   0x00000002   PAD
    0x08005e98   0x08005e98   0x00000002   Code   RO          107    .text.PendSV_Handler  stm32f1xx_it.o
    0x08005e9a   0x08005e9a   0x00000002   PAD
    0x08005e9c   0x08005e9c   0x0000001e   Code   RO          662    .text.SPI_DMAError  stm32f1xx_hal_spi.o
    0x08005eba   0x08005eba   0x00000002   PAD
    0x08005ebc   0x08005ebc   0x00000006   Code   RO          658    .text.SPI_DMAHalfTransmitCplt  stm32f1xx_hal_spi.o
    0x08005ec2   0x08005ec2   0x00000002   PAD
    0x08005ec4   0x08005ec4   0x00000094   Code   RO          660    .text.SPI_DMATransmitCplt  stm32f1xx_hal_spi.o
    0x08005f58   0x08005f58   0x00000120   Code   RO          724    .text.SPI_WaitFlagStateUntilTimeout  stm32f1xx_hal_spi.o
    0x08006078   0x08006078   0x00000002   Code   RO          103    .text.SVC_Handler   stm32f1xx_it.o
    0x0800607a   0x0800607a   0x00000002   PAD
    0x0800607c   0x0800607c   0x00000010   Code   RO          109    .text.SysTick_Handler  stm32f1xx_it.o
    0x0800608c   0x0800608c   0x00000002   Code   RO          856    .text.SystemInit    system_stm32f1xx.o
    0x0800608e   0x0800608e   0x00000002   PAD
    0x08006090   0x08006090   0x0000007e   Code   RO         1043    .text.System_Init   system.o
    0x0800610e   0x0800610e   0x00000002   PAD
    0x08006110   0x08006110   0x00000034   Code   RO         1047    .text.System_Loop   system.o
    0x08006144   0x08006144   0x00000148   Code   RO         1114    .text.Task0_Events  task_display.o
    0x0800628c   0x0800628c   0x000001a8   Code   RO         1116    .text.TaskDisplay_Init  task_display.o
    0x08006434   0x08006434   0x0000000c   Code   RO          816    .text.UART_DMAAbortOnError  stm32f1xx_hal_uart.o
    0x08006440   0x08006440   0x0000017c   Code   RO          766    .text.UART_DMAError  stm32f1xx_hal_uart.o
    0x080065bc   0x080065bc   0x0000015e   Code   RO          844    .text.UART_DMAReceiveCplt  stm32f1xx_hal_uart.o
    0x0800671a   0x0800671a   0x00000002   PAD
    0x0800671c   0x0800671c   0x00000018   Code   RO          846    .text.UART_DMARxHalfCplt  stm32f1xx_hal_uart.o
    0x08006734   0x08006734   0x000000fe   Code   RO          814    .text.UART_Receive_IT  stm32f1xx_hal_uart.o
    0x08006832   0x08006832   0x00000002   PAD
    0x08006834   0x08006834   0x0000001a   Code   RO          117    .text.USART1_IRQHandler  stm32f1xx_it.o
    0x0800684e   0x0800684e   0x00000002   PAD
    0x08006850   0x08006850   0x00000002   Code   RO          101    .text.UsageFault_Handler  stm32f1xx_it.o
    0x08006852   0x08006852   0x00000002   PAD
    0x08006854   0x08006854   0x0000002a   Code   RO         1045    .text.__NVIC_SystemReset  system.o
    0x0800687e   0x0800687e   0x00000002   PAD
    0x08006880   0x08006880   0x00000020   Code   RO         1049    .text.fputc         system.o
    0x080068a0   0x080068a0   0x00000082   Code   RO           11    .text.main          main.o
    0x08006922   0x08006922   0x00000002   PAD
    0x08006924   0x08006924   0x00000020   Code   RO         1356    i.__0printf$8       mc_w.l(printf8.o)
    0x08006944   0x08006944   0x00000028   Code   RO         1358    i.__0sprintf$8      mc_w.l(printf8.o)
    0x0800696c   0x0800696c   0x0000000e   Code   RO         1477    i.__scatterload_copy  mc_w.l(handlers.o)
    0x0800697a   0x0800697a   0x00000002   Code   RO         1478    i.__scatterload_null  mc_w.l(handlers.o)
    0x0800697c   0x0800697c   0x0000000e   Code   RO         1479    i.__scatterload_zeroinit  mc_w.l(handlers.o)
    0x0800698a   0x0800698a   0x00000002   PAD
    0x0800698c   0x0800698c   0x00000410   Code   RO         1363    i._printf_core      mc_w.l(printf8.o)
    0x08006d9c   0x08006d9c   0x00000024   Code   RO         1364    i._printf_post_padding  mc_w.l(printf8.o)
    0x08006dc0   0x08006dc0   0x0000002e   Code   RO         1365    i._printf_pre_padding  mc_w.l(printf8.o)
    0x08006dee   0x08006dee   0x0000000a   Code   RO         1367    i._sputc            mc_w.l(printf8.o)
    0x08006df8   0x08006df8   0x00000024   Code   RO         1139    i.puts              mc_w.l(puts.o)
    0x08006e1c   0x08006e1c   0x00000010   Data   RO          861    .rodata.AHBPrescTable  system_stm32f1xx.o
    0x08006e2c   0x08006e2c   0x00000008   Data   RO          862    .rodata.APBPrescTable  system_stm32f1xx.o
    0x08006e34   0x08006e34   0x00000002   Data   RO          376    .rodata.HAL_RCC_GetSysClockFreq.aPredivFactorTable  stm32f1xx_hal_rcc.o
    0x08006e36   0x08006e36   0x00000010   Data   RO          375    .rodata.cst16       stm32f1xx_hal_rcc.o
    0x08006e46   0x08006e46   0x00000228   Data   RO         1018    .rodata.ll_SSD1306_font_ASCII6x8  llos_ssd1306.o
    0x0800706e   0x0800706e   0x000005f0   Data   RO         1019    .rodata.ll_SSD1306_font_ASCII8x16  llos_ssd1306.o
    0x0800765e   0x0800765e   0x0000015e   Data   RO         1017    .rodata.ll_SSD1306_font_CN16x16  llos_ssd1306.o
    0x080077bc   0x080077bc   0x00000041   Data   RO          951    .rodata.str1.1      llos.o
    0x080077fd   0x080077fd   0x00000005   Data   RO         1119    .rodata.str1.1      task_display.o
    0x08007802   0x08007802   0x00000002   PAD
    0x08007804   0x08007804   0x00000020   Data   RO         1476    Region$$Table       anon$$obj.o


    Execution Region RW_IRAM1 (Exec base: 0x20000000, Load base: 0x08007828, Size: 0x00003418, Max: 0x00005000, ABSOLUTE, COMPRESSED[0x000005f0])

    Exec Addr    Load Addr    Size         Type   Attr      Idx    E Section Name        Object

    0x20000000   COMPRESSED   0x00000004   Data   RW         1440    .data               mc_w.l(stdout.o)
    0x20000004   COMPRESSED   0x00000008   Data   RW          338    .data..L_MergedGlobals  stm32f1xx_hal.o
    0x2000000c   COMPRESSED   0x00000004   Data   RW          860    .data.SystemCoreClock  system_stm32f1xx.o
    0x20000010   COMPRESSED   0x00000400   Data   RW         1120    .data.pic0          task_display.o
    0x20000410   COMPRESSED   0x00000400   Data   RW         1121    .data.pic1          task_display.o
    0x20000810   COMPRESSED   0x00000400   Data   RW         1122    .data.pic2          task_display.o
    0x20000c10   COMPRESSED   0x00000400   Data   RW         1123    .data.pic3          task_display.o
    0x20001010   COMPRESSED   0x00000400   Data   RW         1124    .data.pic4          task_display.o
    0x20001410   COMPRESSED   0x00000400   Data   RW         1125    .data.pic5          task_display.o
    0x20001810   COMPRESSED   0x00000400   Data   RW         1126    .data.pic6          task_display.o
    0x20001c10   COMPRESSED   0x00000400   Data   RW         1127    .data.pic7          task_display.o
    0x20002010   COMPRESSED   0x00000400   Data   RW         1128    .data.pic8          task_display.o
    0x20002410   COMPRESSED   0x00000001   Data   RW         1118    .data.taskDisplayId  task_display.o
    0x20002411   COMPRESSED   0x00000001   Data   RW          953    .data.tickMultiple  llos.o
    0x20002412   COMPRESSED   0x00000006   PAD
    0x20002418        -       0x00000038   Zero   RW          961    .bss..L_MergedGlobals  llos.o
    0x20002450        -       0x00000044   Zero   RW          978    .bss..L_MergedGlobals  llos_led.o
    0x20002494        -       0x00000010   Zero   RW         1021    .bss..L_MergedGlobals  llos_ssd1306.o
    0x200024a4        -       0x00000010   Zero   RW         1034    .bss..L_MergedGlobals  llos_ssd1306_conf.o
    0x200024b4        -       0x00000001   Zero   RW          959    .bss.deviceIndex    llos.o
    0x200024b5   COMPRESSED   0x00000003   PAD
    0x200024b8        -       0x00000348   Zero   RW          952    .bss.eventCB_list   llos.o
    0x20002800        -       0x00000400   Zero   RW         1020    .bss.g_aLcdBuf      llos_ssd1306.o
    0x20002c00        -       0x00000044   Zero   RW           67    .bss.hdma_spi1_tx   spi.o
    0x20002c44        -       0x00000044   Zero   RW           83    .bss.hdma_usart1_rx  usart.o
    0x20002c88        -       0x00000044   Zero   RW           84    .bss.hdma_usart1_tx  usart.o
    0x20002ccc        -       0x00000054   Zero   RW           51    .bss.hi2c2          i2c.o
    0x20002d20        -       0x00000058   Zero   RW           66    .bss.hspi1          spi.o
    0x20002d78        -       0x00000048   Zero   RW           82    .bss.huart1         usart.o
    0x20002dc0        -       0x00000104   Zero   RW          960    .bss.ll_deviceList  llos.o
    0x20002ec4        -       0x00000004   Zero   RW          958    .bss.system_reset_hook  llos.o
    0x20002ec8        -       0x00000048   Zero   RW          954    .bss.timerCB_list   llos.o
    0x20002f10        -       0x00000102   Zero   RW         1053    .bss.usart1_recBuf  system.o
    0x20003012   COMPRESSED   0x00000002   PAD
    0x20003014        -       0x00000004   Zero   RW          337    .bss.uwTick         stm32f1xx_hal.o
    0x20003018        -       0x00000400   Zero   RW            1    STACK               startup_stm32f103xb.o


==============================================================================

Image component sizes


      Code (inc. data)   RO Data    RW Data    ZI Data      Debug   Object Name

        84          0          0          0          0       2211   dma.o
       196          0          0          0          0       1840   gpio.o
       146         44          0          0          0       2620   hal_gpio.o
       240         44          0          0          0       3761   hal_i2c2.o
       336         44          0          0          0       4415   hal_spi1.o
       166          0          0          0         84       4631   i2c.o
      1946        148         65          1       1233      20995   llos.o
       690         56          0          0         68       3083   llos_led.o
      5518          0       2422          0       1040      20310   llos_ssd1306.o
       308        120          0          0         16       2937   llos_ssd1306_conf.o
       140          0          0          0          0       2773   main.o
       270          0          0          0        156       4942   spi.o
        36          8        236          0       1024        800   startup_stm32f103xb.o
       188          0          0          8          4       5784   stm32f1xx_hal.o
       196          0          0          0          0       8475   stm32f1xx_hal_cortex.o
       960          0          0          0          0       8514   stm32f1xx_hal_dma.o
       546         20          0          0          0       4657   stm32f1xx_hal_gpio.o
      3844          0          0          0          0      44526   stm32f1xx_hal_i2c.o
        66          0          0          0          0       1233   stm32f1xx_hal_msp.o
      1608          0         18          0          0       8034   stm32f1xx_hal_rcc.o
      2590          0          0          0          0      23654   stm32f1xx_hal_spi.o
      3916          0          0          0          0      32550   stm32f1xx_hal_uart.o
        98          0          0          0          0       4224   stm32f1xx_it.o
       432          8          0          0        258       5148   system.o
         2          0         24          4          0       1697   system_stm32f1xx.o
       752        108          5       9217          0       2075   task_display.o
       312          0          0          0        208       5832   usart.o

    ----------------------------------------------------------------------
     25728        600       2804       9232       4100     231721   Object Totals
         0          0         32          0          0          0   (incl. Generated)
       142          0          2          2          9          0   (incl. Padding)

    ----------------------------------------------------------------------

      Code (inc. data)   RO Data    RW Data    ZI Data      Debug   Library Member Name

        86          0          0          0          0          0   __dczerorl2.o
         0          0          0          0          0          0   entry.o
         0          0          0          0          0          0   entry10a.o
         0          0          0          0          0          0   entry11a.o
         8          4          0          0          0          0   entry2.o
         4          0          0          0          0          0   entry5.o
         0          0          0          0          0          0   entry7b.o
         0          0          0          0          0          0   entry8b.o
         8          4          0          0          0          0   entry9a.o
        30          0          0          0          0          0   handlers.o
        48         10          0          0          0         68   init.o
         0          0          0          0          0          0   iusefp.o
        30          0          0          0          0         68   llshl.o
        32          0          0          0          0         68   llushr.o
        36          0          0          0          0        108   memseta.o
      1204         60          0          0          0        504   printf8.o
        36          6          0          0          0         80   puts.o
         0          0          0          4          0          0   stdout.o
        28          0          0          0          0         76   strcmp.o
        98          0          0          0          0         92   uldiv.o
       176          0          0          0          0        140   fadd.o
        28          0          0          0          0         68   fcmpge.o
        28          0          0          0          0         68   fcmple.o
        28          0          0          0          0         68   fcmplt.o
       124          0          0          0          0         88   fdiv.o
       110          0          0          0          0        168   fepilogue.o
        50          0          0          0          0         68   ffixi.o
        18          0          0          0          0         68   fflti.o
        10          0          0          0          0         68   ffltui.o

    ----------------------------------------------------------------------
      2224         84          0          4          0       1868   Library Totals
         4          0          0          0          0          0   (incl. Padding)

    ----------------------------------------------------------------------

      Code (inc. data)   RO Data    RW Data    ZI Data      Debug   Library Name

      1648         84          0          4          0       1064   mc_w.l
       572          0          0          0          0        804   mf_w.l

    ----------------------------------------------------------------------
      2224         84          0          4          0       1868   Library Totals

    ----------------------------------------------------------------------

==============================================================================


      Code (inc. data)   RO Data    RW Data    ZI Data      Debug   

     27952        684       2804       9236       4100     232385   Grand Totals
     27952        684       2804       1520       4100     232385   ELF Image Totals (compressed)
     27952        684       2804       1520          0          0   ROM Totals

==============================================================================

    Total RO  Size (Code + RO Data)                30756 (  30.04kB)
    Total RW  Size (RW Data + ZI Data)             13336 (  13.02kB)
    Total ROM Size (Code + RO Data + RW Data)      32276 (  31.52kB)

==============================================================================

